Archive member included to satisfy reference by file (symbol)

/usr/lib/gcc/arm-none-eabi/4.9.3/../../../arm-none-eabi/lib/armv7-m/libc_nano.a(lib_a-atexit.o)
                              /usr/lib/gcc/arm-none-eabi/4.9.3/../../../arm-none-eabi/lib/armv7-m/crt0.o (atexit)
/usr/lib/gcc/arm-none-eabi/4.9.3/../../../arm-none-eabi/lib/armv7-m/libc_nano.a(lib_a-exit.o)
                              /usr/lib/gcc/arm-none-eabi/4.9.3/../../../arm-none-eabi/lib/armv7-m/crt0.o (exit)
/usr/lib/gcc/arm-none-eabi/4.9.3/../../../arm-none-eabi/lib/armv7-m/libc_nano.a(lib_a-fini.o)
                              /usr/lib/gcc/arm-none-eabi/4.9.3/../../../arm-none-eabi/lib/armv7-m/crt0.o (__libc_fini_array)
/usr/lib/gcc/arm-none-eabi/4.9.3/../../../arm-none-eabi/lib/armv7-m/libc_nano.a(lib_a-impure.o)
                              /usr/lib/gcc/arm-none-eabi/4.9.3/../../../arm-none-eabi/lib/armv7-m/libc_nano.a(lib_a-exit.o) (_global_impure_ptr)
/usr/lib/gcc/arm-none-eabi/4.9.3/../../../arm-none-eabi/lib/armv7-m/libc_nano.a(lib_a-init.o)
                              /usr/lib/gcc/arm-none-eabi/4.9.3/../../../arm-none-eabi/lib/armv7-m/crt0.o (__libc_init_array)
/usr/lib/gcc/arm-none-eabi/4.9.3/../../../arm-none-eabi/lib/armv7-m/libc_nano.a(lib_a-memset.o)
                              /usr/lib/gcc/arm-none-eabi/4.9.3/../../../arm-none-eabi/lib/armv7-m/crt0.o (memset)
/usr/lib/gcc/arm-none-eabi/4.9.3/../../../arm-none-eabi/lib/armv7-m/libc_nano.a(lib_a-sprintf.o)
                              build/main.o (sprintf)
/usr/lib/gcc/arm-none-eabi/4.9.3/../../../arm-none-eabi/lib/armv7-m/libc_nano.a(lib_a-strlen.o)
                              build/main.o (strlen)
/usr/lib/gcc/arm-none-eabi/4.9.3/../../../arm-none-eabi/lib/armv7-m/libc_nano.a(lib_a-__atexit.o)
                              /usr/lib/gcc/arm-none-eabi/4.9.3/../../../arm-none-eabi/lib/armv7-m/libc_nano.a(lib_a-atexit.o) (__register_exitproc)
/usr/lib/gcc/arm-none-eabi/4.9.3/../../../arm-none-eabi/lib/armv7-m/libc_nano.a(lib_a-__call_atexit.o)
                              /usr/lib/gcc/arm-none-eabi/4.9.3/../../../arm-none-eabi/lib/armv7-m/libc_nano.a(lib_a-__atexit.o) (__call_exitprocs)
/usr/lib/gcc/arm-none-eabi/4.9.3/../../../arm-none-eabi/lib/armv7-m/libc_nano.a(lib_a-nano-svfprintf.o)
                              /usr/lib/gcc/arm-none-eabi/4.9.3/../../../arm-none-eabi/lib/armv7-m/libc_nano.a(lib_a-sprintf.o) (_svfprintf_r)
/usr/lib/gcc/arm-none-eabi/4.9.3/../../../arm-none-eabi/lib/armv7-m/libc_nano.a(lib_a-nano-vfprintf_i.o)
                              /usr/lib/gcc/arm-none-eabi/4.9.3/../../../arm-none-eabi/lib/armv7-m/libc_nano.a(lib_a-nano-svfprintf.o) (_printf_i)
/usr/lib/gcc/arm-none-eabi/4.9.3/../../../arm-none-eabi/lib/armv7-m/libc_nano.a(lib_a-memchr.o)
                              /usr/lib/gcc/arm-none-eabi/4.9.3/../../../arm-none-eabi/lib/armv7-m/libc_nano.a(lib_a-nano-svfprintf.o) (memchr)
/usr/lib/gcc/arm-none-eabi/4.9.3/../../../arm-none-eabi/lib/armv7-m/libc_nano.a(lib_a-memcpy.o)
                              /usr/lib/gcc/arm-none-eabi/4.9.3/../../../arm-none-eabi/lib/armv7-m/libc_nano.a(lib_a-nano-svfprintf.o) (memcpy)
/usr/lib/gcc/arm-none-eabi/4.9.3/../../../arm-none-eabi/lib/armv7-m/libc_nano.a(lib_a-memmove.o)
                              /usr/lib/gcc/arm-none-eabi/4.9.3/../../../arm-none-eabi/lib/armv7-m/libc_nano.a(lib_a-nano-svfprintf.o) (memmove)
/usr/lib/gcc/arm-none-eabi/4.9.3/../../../arm-none-eabi/lib/armv7-m/libc_nano.a(lib_a-nano-freer.o)
                              /usr/lib/gcc/arm-none-eabi/4.9.3/../../../arm-none-eabi/lib/armv7-m/libc_nano.a(lib_a-nano-svfprintf.o) (_free_r)
/usr/lib/gcc/arm-none-eabi/4.9.3/../../../arm-none-eabi/lib/armv7-m/libc_nano.a(lib_a-nano-mallocr.o)
                              /usr/lib/gcc/arm-none-eabi/4.9.3/../../../arm-none-eabi/lib/armv7-m/libc_nano.a(lib_a-nano-svfprintf.o) (_malloc_r)
/usr/lib/gcc/arm-none-eabi/4.9.3/../../../arm-none-eabi/lib/armv7-m/libc_nano.a(lib_a-nano-reallocr.o)
                              /usr/lib/gcc/arm-none-eabi/4.9.3/../../../arm-none-eabi/lib/armv7-m/libc_nano.a(lib_a-nano-svfprintf.o) (_realloc_r)
/usr/lib/gcc/arm-none-eabi/4.9.3/../../../arm-none-eabi/lib/armv7-m/libc_nano.a(lib_a-sbrkr.o)
                              /usr/lib/gcc/arm-none-eabi/4.9.3/../../../arm-none-eabi/lib/armv7-m/libc_nano.a(lib_a-nano-mallocr.o) (_sbrk_r)
/usr/lib/gcc/arm-none-eabi/4.9.3/../../../arm-none-eabi/lib/armv7-m/libc_nano.a(lib_a-nano-msizer.o)
                              /usr/lib/gcc/arm-none-eabi/4.9.3/../../../arm-none-eabi/lib/armv7-m/libc_nano.a(lib_a-nano-reallocr.o) (_malloc_usable_size_r)
/usr/lib/gcc/arm-none-eabi/4.9.3/../../../arm-none-eabi/lib/armv7-m/libc_nano.a(lib_a-reent.o)
                              /usr/lib/gcc/arm-none-eabi/4.9.3/../../../arm-none-eabi/lib/armv7-m/libc_nano.a(lib_a-sbrkr.o) (errno)
/usr/lib/gcc/arm-none-eabi/4.9.3/../../../arm-none-eabi/lib/armv7-m/libnosys.a(sbrk.o)
[...]
Memory Configuration

Name             Origin             Length             Attributes
RAM              0x0000000020000000 0x0000000000005000 xrw
FLASH            0x0000000008000000 0x0000000000010000 xr
*default*        0x0000000000000000 0xffffffffffffffff

Linker script and memory map

LOAD /usr/lib/gcc/arm-none-eabi/4.9.3/armv7-m/crti.o
LOAD /usr/lib/gcc/arm-none-eabi/4.9.3/armv7-m/crtbegin.o
LOAD /usr/lib/gcc/arm-none-eabi/4.9.3/../../../arm-none-eabi/lib/armv7-m/crt0.o
LOAD build/main.o
LOAD build/gpio.o
LOAD build/adc.o
LOAD build/i2c.o
LOAD build/rtc.o
LOAD build/spi.o
LOAD build/tim.o
LOAD build/usart.o
LOAD build/stm32f1xx_it.o
LOAD build/stm32f1xx_hal_msp.o
LOAD build/fonts.o
LOAD build/ssd1306.o
LOAD build/stm32f1xx_hal_gpio_ex.o
LOAD build/stm32f1xx_hal_adc.o
LOAD build/stm32f1xx_hal_adc_ex.o
LOAD build/stm32f1xx_hal_i2c.o
LOAD build/stm32f1xx_hal_rtc.o
LOAD build/stm32f1xx_hal_rtc_ex.o
LOAD build/stm32f1xx_hal_spi.o
LOAD build/stm32f1xx_hal_spi_ex.o
LOAD build/stm32f1xx_hal_tim.o
LOAD build/stm32f1xx_hal_tim_ex.o
LOAD build/stm32f1xx_hal_uart.o
LOAD build/stm32f1xx_hal.o
LOAD build/stm32f1xx_hal_rcc.o
LOAD build/stm32f1xx_hal_rcc_ex.o
LOAD build/stm32f1xx_hal_gpio.o
LOAD build/stm32f1xx_hal_dma.o
LOAD build/stm32f1xx_hal_cortex.o
LOAD build/stm32f1xx_hal_pwr.o
LOAD build/stm32f1xx_hal_flash.o
LOAD build/stm32f1xx_hal_flash_ex.o
LOAD build/system_stm32f1xx.o
LOAD build/startup_stm32f103xb.o
LOAD /usr/lib/gcc/arm-none-eabi/4.9.3/../../../arm-none-eabi/lib/armv7-m/libc_nano.a
LOAD /usr/lib/gcc/arm-none-eabi/4.9.3/../../../arm-none-eabi/lib/armv7-m/libm.a
LOAD /usr/lib/gcc/arm-none-eabi/4.9.3/../../../arm-none-eabi/lib/armv7-m/libnosys.a
START GROUP
LOAD /usr/lib/gcc/arm-none-eabi/4.9.3/armv7-m/libgcc.a
LOAD /usr/lib/gcc/arm-none-eabi/4.9.3/../../../arm-none-eabi/lib/armv7-m/libc_nano.a
END GROUP
START GROUP
LOAD /usr/lib/gcc/arm-none-eabi/4.9.3/armv7-m/libgcc.a
LOAD /usr/lib/gcc/arm-none-eabi/4.9.3/../../../arm-none-eabi/lib/armv7-m/libc_nano.a
END GROUP
LOAD /usr/lib/gcc/arm-none-eabi/4.9.3/armv7-m/crtend.o
LOAD /usr/lib/gcc/arm-none-eabi/4.9.3/armv7-m/crtn.o
                0x0000000020005000                _estack = 0x20005000
                0x0000000000000200                _Min_Heap_Size = 0x200
                0x0000000000000400                _Min_Stack_Size = 0x400

.isr_vector     0x0000000008000000      0x10c
                0x0000000008000000                . = ALIGN (0x4)
 *(.isr_vector)
 .isr_vector    0x0000000008000000      0x10c build/startup_stm32f103xb.o
                0x0000000008000000                g_pfnVectors
                0x000000000800010c                . = ALIGN (0x4)

.text           0x0000000008000110     0x4750
                0x0000000008000110                . = ALIGN (0x4)
 *(.text)
 .text          0x0000000008000110       0xa4 /usr/lib/gcc/arm-none-eabi/4.9.3/armv7-m/crtbegin.o
 .text          0x00000000080001b4      0x370 /usr/lib/gcc/arm-none-eabi/4.9.3/armv7-m/libgcc.a(_arm_addsubdf3.o)
                0x00000000080001b4                __aeabi_drsub
                0x00000000080001bc                __aeabi_dsub
                0x00000000080001bc                __subdf3
                0x00000000080001c0                __adddf3
                0x00000000080001c0                __aeabi_dadd
                0x0000000008000438                __aeabi_ui2d
                0x0000000008000438                __floatunsidf
                0x0000000008000458                __floatsidf
                0x0000000008000458                __aeabi_i2d
                0x000000000800047c                __extendsfdf2
                0x000000000800047c                __aeabi_f2d
                0x00000000080004b8                __aeabi_ul2d
                0x00000000080004b8                __floatundidf
                0x00000000080004c8                __floatdidf
                0x00000000080004c8                __aeabi_l2d
 .text          0x0000000008000524      0x424 /usr/lib/gcc/arm-none-eabi/4.9.3/armv7-m/libgcc.a(_arm_muldivdf3.o)
                0x0000000008000524                __aeabi_dmul
                0x0000000008000524                __muldf3
                0x0000000008000778                __aeabi_ddiv
                0x0000000008000778                __divdf3
 .text          0x0000000008000948      0x110 /usr/lib/gcc/arm-none-eabi/4.9.3/armv7-m/libgcc.a(_arm_cmpdf2.o)
                0x0000000008000948                __gtdf2
                0x0000000008000948                __gedf2
                0x0000000008000950                __ltdf2
                0x0000000008000950                __ledf2
                0x0000000008000958                __cmpdf2
                0x0000000008000958                __eqdf2
                0x0000000008000958                __nedf2
                0x00000000080009d4                __aeabi_cdrcmple
                0x00000000080009e4                __aeabi_cdcmple
                0x00000000080009e4                __aeabi_cdcmpeq
                0x00000000080009f4                __aeabi_dcmpeq
                0x0000000008000a08                __aeabi_dcmplt
                0x0000000008000a1c                __aeabi_dcmple
                0x0000000008000a30                __aeabi_dcmpge
                0x0000000008000a44                __aeabi_dcmpgt
 .text          0x0000000008000a58       0x50 /usr/lib/gcc/arm-none-eabi/4.9.3/armv7-m/libgcc.a(_arm_fixdfsi.o)
                0x0000000008000a58                __fixdfsi
                0x0000000008000a58                __aeabi_d2iz
 *(.text*)
 .text.write_byte
                0x0000000008000aa8       0x24 build/main.o
                0x0000000008000aa8                write_byte
 .text._Error_Handler
                0x0000000008000acc        0x4 build/main.o
                0x0000000008000acc                _Error_Handler
 .text.SystemClock_Config
                0x0000000008000ad0       0xac build/main.o
                0x0000000008000ad0                SystemClock_Config
 *fill*         0x0000000008000b7c        0x4 
 .text.main     0x0000000008000b80      0x53c build/main.o
                0x0000000008000b80                main
 .text.MX_GPIO_Init
                0x00000000080010bc       0x8c build/gpio.o
                0x00000000080010bc                MX_GPIO_Init
 .text.MX_ADC1_Init
                0x0000000008001148       0x5c build/adc.o
                0x0000000008001148                MX_ADC1_Init
 .text.MX_ADC2_Init
                0x00000000080011a4       0x5c build/adc.o
                0x00000000080011a4                MX_ADC2_Init
 .text.HAL_ADC_MspInit
                0x0000000008001200       0x74 build/adc.o
                0x0000000008001200                HAL_ADC_MspInit
 .text.MX_I2C1_Init
                0x0000000008001274       0x40 build/i2c.o
                0x0000000008001274                MX_I2C1_Init
 .text.MX_I2C2_Init
                0x00000000080012b4       0x40 build/i2c.o
                0x00000000080012b4                MX_I2C2_Init
 .text.HAL_I2C_MspInit
                0x00000000080012f4       0x90 build/i2c.o
                0x00000000080012f4                HAL_I2C_MspInit
 .text.MX_RTC_Init
                0x0000000008001384       0x30 build/rtc.o
                0x0000000008001384                MX_RTC_Init
 .text.HAL_RTC_MspInit
                0x00000000080013b4       0x40 build/rtc.o
                0x00000000080013b4                HAL_RTC_MspInit
 .text.MX_SPI1_Init
                0x00000000080013f4       0x48 build/spi.o
                0x00000000080013f4                MX_SPI1_Init
 .text.MX_SPI2_Init
                0x000000000800143c       0x48 build/spi.o
                0x000000000800143c                MX_SPI2_Init
 .text.HAL_SPI_MspInit
                0x0000000008001484       0xa8 build/spi.o
                0x0000000008001484                HAL_SPI_MspInit
 .text.MX_TIM2_Init
                0x000000000800152c       0x68 build/tim.o
                0x000000000800152c                MX_TIM2_Init
 .text.MX_TIM3_Init
                0x0000000008001594       0x68 build/tim.o
                0x0000000008001594                MX_TIM3_Init
 .text.MX_TIM4_Init
                0x00000000080015fc       0x68 build/tim.o
                0x00000000080015fc                MX_TIM4_Init
 .text.HAL_TIM_PWM_MspInit
                0x0000000008001664       0x28 build/tim.o
                0x0000000008001664                HAL_TIM_PWM_MspInit
 .text.HAL_TIM_Base_MspInit
                0x000000000800168c       0x68 build/tim.o
                0x000000000800168c                HAL_TIM_Base_MspInit
 .text.HAL_TIM_MspPostInit
                0x00000000080016f4       0x30 build/tim.o
                0x00000000080016f4                HAL_TIM_MspPostInit
 .text.MX_TIM1_Init
                0x0000000008001724       0xc8 build/tim.o
                0x0000000008001724                MX_TIM1_Init
 .text.MX_USART1_UART_Init
                0x00000000080017ec       0x3c build/usart.o
                0x00000000080017ec                MX_USART1_UART_Init
 .text.MX_USART2_UART_Init
                0x0000000008001828       0x3c build/usart.o
                0x0000000008001828                MX_USART2_UART_Init
 .text.HAL_UART_MspInit
                0x0000000008001864       0xb8 build/usart.o
                0x0000000008001864                HAL_UART_MspInit
 .text.NMI_Handler
                0x000000000800191c        0x4 build/stm32f1xx_it.o
                0x000000000800191c                NMI_Handler
 .text.HardFault_Handler
                0x0000000008001920        0x4 build/stm32f1xx_it.o
                0x0000000008001920                HardFault_Handler
 .text.MemManage_Handler
                0x0000000008001924        0x4 build/stm32f1xx_it.o
                0x0000000008001924                MemManage_Handler
 .text.BusFault_Handler
                0x0000000008001928        0x4 build/stm32f1xx_it.o
                0x0000000008001928                BusFault_Handler
 .text.UsageFault_Handler
                0x000000000800192c        0x4 build/stm32f1xx_it.o
                0x000000000800192c                UsageFault_Handler
 .text.SVC_Handler
                0x0000000008001930        0x4 build/stm32f1xx_it.o
                0x0000000008001930                SVC_Handler
 .text.DebugMon_Handler
                0x0000000008001934        0x4 build/stm32f1xx_it.o
                0x0000000008001934                DebugMon_Handler
 .text.PendSV_Handler
                0x0000000008001938        0x4 build/stm32f1xx_it.o
                0x0000000008001938                PendSV_Handler
 .text.SysTick_Handler
                0x000000000800193c        0xc build/stm32f1xx_it.o
                0x000000000800193c                SysTick_Handler
 .text.HAL_MspInit
                0x0000000008001948       0xa0 build/stm32f1xx_hal_msp.o
                0x0000000008001948                HAL_MspInit
 .text.ssd1306_WriteCommand
                0x00000000080019e8       0x28 build/ssd1306.o
 .text.ssd1306_Fill
                0x0000000008001a10       0x20 build/ssd1306.o
                0x0000000008001a10                ssd1306_Fill
 .text.ssd1306_UpdateScreen
                0x0000000008001a30       0x50 build/ssd1306.o
                0x0000000008001a30                ssd1306_UpdateScreen
 .text.ssd1306_Init
                0x0000000008001a80       0xcc build/ssd1306.o
                0x0000000008001a80                ssd1306_Init
 .text.ssd1306_DrawPixel
                0x0000000008001b4c       0x54 build/ssd1306.o
                0x0000000008001b4c                ssd1306_DrawPixel
 .text.ssd1306_WriteChar
                0x0000000008001ba0       0xa4 build/ssd1306.o
                0x0000000008001ba0                ssd1306_WriteChar
 .text.ssd1306_WriteString
                0x0000000008001c44       0x34 build/ssd1306.o
                0x0000000008001c44                ssd1306_WriteString
 .text.ssd1306_SetCursor
                0x0000000008001c78        0xc build/ssd1306.o
                0x0000000008001c78                ssd1306_SetCursor
 .text.HAL_ADC_ConfigChannel
                0x0000000008001c84      0x12c build/stm32f1xx_hal_adc.o
                0x0000000008001c84                HAL_ADC_ConfigChannel
 .text.ADC_ConversionStop_Disable
                0x0000000008001db0       0x50 build/stm32f1xx_hal_adc.o
                0x0000000008001db0                ADC_ConversionStop_Disable
 .text.HAL_ADC_Init
                0x0000000008001e00      0x10c build/stm32f1xx_hal_adc.o
                0x0000000008001e00                HAL_ADC_Init
 .text.I2C_IsAcknowledgeFailed
                0x0000000008001f0c       0x2c build/stm32f1xx_hal_i2c.o
 .text.I2C_WaitOnFlagUntilTimeout
                0x0000000008001f38       0x68 build/stm32f1xx_hal_i2c.o
 .text.I2C_WaitOnMasterAddressFlagUntilTimeout
                0x0000000008001fa0       0x94 build/stm32f1xx_hal_i2c.o
 .text.I2C_WaitOnTXEFlagUntilTimeout
                0x0000000008002034       0x50 build/stm32f1xx_hal_i2c.o
 .text.I2C_RequestMemoryWrite
                0x0000000008002084       0xd4 build/stm32f1xx_hal_i2c.o
 .text.I2C_WaitOnBTFFlagUntilTimeout
                0x0000000008002158       0x50 build/stm32f1xx_hal_i2c.o
 .text.HAL_I2C_Init
                0x00000000080021a8      0x168 build/stm32f1xx_hal_i2c.o
                0x00000000080021a8                HAL_I2C_Init
 .text.HAL_I2C_Mem_Write
                0x0000000008002310      0x178 build/stm32f1xx_hal_i2c.o
                0x0000000008002310                HAL_I2C_Mem_Write
 .text.RTC_ReadTimeCounter
                0x0000000008002488       0x28 build/stm32f1xx_hal_rtc.o
 .text.RTC_ReadAlarmCounter
                0x00000000080024b0       0x10 build/stm32f1xx_hal_rtc.o
 .text.RTC_ByteToBcd2
                0x00000000080024c0       0x18 build/stm32f1xx_hal_rtc.o
 .text.RTC_IsLeapYear
                0x00000000080024d8       0x40 build/stm32f1xx_hal_rtc.o
 .text.RTC_WeekDayNum
                0x0000000008002518       0x9c build/stm32f1xx_hal_rtc.o
 .text.RTC_DateUpdate
                0x00000000080025b4       0xbc build/stm32f1xx_hal_rtc.o
 .text.RTC_EnterInitMode
                0x0000000008002670       0x34 build/stm32f1xx_hal_rtc.o
 .text.RTC_ExitInitMode
                0x00000000080026a4       0x34 build/stm32f1xx_hal_rtc.o
 .text.RTC_WriteTimeCounter
                0x00000000080026d8       0x2c build/stm32f1xx_hal_rtc.o
 .text.RTC_WriteAlarmCounter
                0x0000000008002704       0x2c build/stm32f1xx_hal_rtc.o
 .text.HAL_RTC_GetTime
                0x0000000008002730      0x10c build/stm32f1xx_hal_rtc.o
                0x0000000008002730                HAL_RTC_GetTime
 .text.HAL_RTC_GetDate
                0x000000000800283c       0x68 build/stm32f1xx_hal_rtc.o
                0x000000000800283c                HAL_RTC_GetDate
 .text.HAL_RTC_WaitForSynchro
                0x00000000080028a4       0x3c build/stm32f1xx_hal_rtc.o
                0x00000000080028a4                HAL_RTC_WaitForSynchro
 .text.HAL_RTC_Init
                0x00000000080028e0       0xc8 build/stm32f1xx_hal_rtc.o
                0x00000000080028e0                HAL_RTC_Init
 .text.HAL_SPI_Init
                0x00000000080029a8       0x84 build/stm32f1xx_hal_spi_ex.o
                0x00000000080029a8                HAL_SPI_Init
 .text.TIM_OC1_SetConfig
                0x0000000008002a2c       0x58 build/stm32f1xx_hal_tim.o
 .text.TIM_OC3_SetConfig
                0x0000000008002a84       0x60 build/stm32f1xx_hal_tim.o
 .text.TIM_OC4_SetConfig
                0x0000000008002ae4       0x48 build/stm32f1xx_hal_tim.o
 .text.TIM_TI1_ConfigInputStage
                0x0000000008002b2c       0x28 build/stm32f1xx_hal_tim.o
 .text.TIM_TI2_ConfigInputStage
                0x0000000008002b54       0x28 build/stm32f1xx_hal_tim.o
 .text.TIM_ITRx_SetConfig
                0x0000000008002b7c       0x10 build/stm32f1xx_hal_tim.o
 .text.TIM_ETR_SetConfig
                0x0000000008002b8c       0x18 build/stm32f1xx_hal_tim.o
 .text.HAL_TIM_ConfigClockSource
                0x0000000008002ba4      0x118 build/stm32f1xx_hal_tim.o
                0x0000000008002ba4                HAL_TIM_ConfigClockSource
 .text.TIM_Base_SetConfig
                0x0000000008002cbc       0x70 build/stm32f1xx_hal_tim.o
                0x0000000008002cbc                TIM_Base_SetConfig
 .text.HAL_TIM_Base_Init
                0x0000000008002d2c       0x38 build/stm32f1xx_hal_tim.o
                0x0000000008002d2c                HAL_TIM_Base_Init
 .text.HAL_TIM_PWM_Init
                0x0000000008002d64       0x38 build/stm32f1xx_hal_tim.o
                0x0000000008002d64                HAL_TIM_PWM_Init
 .text.TIM_OC2_SetConfig
                0x0000000008002d9c       0x60 build/stm32f1xx_hal_tim.o
                0x0000000008002d9c                TIM_OC2_SetConfig
 .text.HAL_TIM_PWM_ConfigChannel
                0x0000000008002dfc       0xdc build/stm32f1xx_hal_tim.o
                0x0000000008002dfc                HAL_TIM_PWM_ConfigChannel
 .text.HAL_TIMEx_ConfigBreakDeadTime
                0x0000000008002ed8       0x54 build/stm32f1xx_hal_tim_ex.o
                0x0000000008002ed8                HAL_TIMEx_ConfigBreakDeadTime
 .text.HAL_TIMEx_MasterConfigSynchronization
                0x0000000008002f2c       0x54 build/stm32f1xx_hal_tim_ex.o
                0x0000000008002f2c                HAL_TIMEx_MasterConfigSynchronization
 .text.UART_SetConfig
                0x0000000008002f80      0x1bc build/stm32f1xx_hal_uart.o
 .text.UART_WaitOnFlagUntilTimeout
                0x000000000800313c       0x68 build/stm32f1xx_hal_uart.o
 .text.HAL_UART_Init
                0x00000000080031a4       0x64 build/stm32f1xx_hal_uart.o
                0x00000000080031a4                HAL_UART_Init
 .text.HAL_UART_Transmit
                0x0000000008003208       0xe0 build/stm32f1xx_hal_uart.o
                0x0000000008003208                HAL_UART_Transmit
 .text.HAL_InitTick
                0x00000000080032e8       0x4c build/stm32f1xx_hal.o
                0x00000000080032e8                HAL_InitTick
 .text.HAL_Init
                0x0000000008003334       0x24 build/stm32f1xx_hal.o
                0x0000000008003334                HAL_Init
 .text.HAL_IncTick
                0x0000000008003358       0x18 build/stm32f1xx_hal.o
                0x0000000008003358                HAL_IncTick
 .text.HAL_GetTick
                0x0000000008003370        0xc build/stm32f1xx_hal.o
                0x0000000008003370                HAL_GetTick
 .text.HAL_Delay
                0x000000000800337c       0x28 build/stm32f1xx_hal.o
                0x000000000800337c                HAL_Delay
 .text.RCC_Delay
                0x00000000080033a4       0x2c build/stm32f1xx_hal_rcc.o
 .text.HAL_RCC_OscConfig
                0x00000000080033d0      0x400 build/stm32f1xx_hal_rcc.o
                0x00000000080033d0                HAL_RCC_OscConfig
 .text.HAL_RCC_GetSysClockFreq
                0x00000000080037d0       0x70 build/stm32f1xx_hal_rcc.o
                0x00000000080037d0                HAL_RCC_GetSysClockFreq
 .text.HAL_RCC_ClockConfig
                0x0000000008003840      0x184 build/stm32f1xx_hal_rcc.o
                0x0000000008003840                HAL_RCC_ClockConfig
 .text.HAL_RCC_GetHCLKFreq
                0x00000000080039c4        0xc build/stm32f1xx_hal_rcc.o
                0x00000000080039c4                HAL_RCC_GetHCLKFreq
 .text.HAL_RCC_GetPCLK1Freq
                0x00000000080039d0       0x20 build/stm32f1xx_hal_rcc.o
                0x00000000080039d0                HAL_RCC_GetPCLK1Freq
 .text.HAL_RCC_GetPCLK2Freq
                0x00000000080039f0       0x20 build/stm32f1xx_hal_rcc.o
                0x00000000080039f0                HAL_RCC_GetPCLK2Freq
 .text.HAL_RCCEx_PeriphCLKConfig
                0x0000000008003a10      0x114 build/stm32f1xx_hal_rcc_ex.o
                0x0000000008003a10                HAL_RCCEx_PeriphCLKConfig
 .text.HAL_RCCEx_GetPeriphCLKFreq
                0x0000000008003b24      0x108 build/stm32f1xx_hal_rcc_ex.o
                0x0000000008003b24                HAL_RCCEx_GetPeriphCLKFreq
 .text.HAL_GPIO_Init
                0x0000000008003c2c      0x1e4 build/stm32f1xx_hal_gpio.o
                0x0000000008003c2c                HAL_GPIO_Init
 .text.HAL_GPIO_WritePin
                0x0000000008003e10        0xc build/stm32f1xx_hal_gpio.o
                0x0000000008003e10                HAL_GPIO_WritePin
 .text.HAL_GPIO_TogglePin
                0x0000000008003e1c        0x8 build/stm32f1xx_hal_gpio.o
                0x0000000008003e1c                HAL_GPIO_TogglePin
 .text.HAL_NVIC_SetPriorityGrouping
                0x0000000008003e24       0x24 build/stm32f1xx_hal_cortex.o
                0x0000000008003e24                HAL_NVIC_SetPriorityGrouping
 .text.HAL_NVIC_SetPriority
                0x0000000008003e48       0x64 build/stm32f1xx_hal_cortex.o
                0x0000000008003e48                HAL_NVIC_SetPriority
 .text.HAL_SYSTICK_Config
                0x0000000008003eac       0x2c build/stm32f1xx_hal_cortex.o
                0x0000000008003eac                HAL_SYSTICK_Config
 .text.HAL_SYSTICK_CLKSourceConfig
                0x0000000008003ed8       0x20 build/stm32f1xx_hal_cortex.o
                0x0000000008003ed8                HAL_SYSTICK_CLKSourceConfig
 .text.HAL_SYSTICK_Callback
                0x0000000008003ef8        0x4 build/stm32f1xx_hal_cortex.o
                0x0000000008003ef8                HAL_SYSTICK_Callback
 .text.HAL_SYSTICK_IRQHandler
                0x0000000008003efc        0x8 build/stm32f1xx_hal_cortex.o
                0x0000000008003efc                HAL_SYSTICK_IRQHandler
 .text.HAL_PWR_EnableBkUpAccess
                0x0000000008003f04        0xc build/stm32f1xx_hal_pwr.o
                0x0000000008003f04                HAL_PWR_EnableBkUpAccess
 .text.SystemInit
                0x0000000008003f10       0x4c build/system_stm32f1xx.o
                0x0000000008003f10                SystemInit
 .text.Reset_Handler
                0x0000000008003f5c       0x48 build/startup_stm32f103xb.o
                0x0000000008003f5c                Reset_Handler
 .text.Default_Handler
                0x0000000008003fa4        0x2 build/startup_stm32f103xb.o
                0x0000000008003fa4                RTC_Alarm_IRQHandler
                0x0000000008003fa4                EXTI2_IRQHandler
                0x0000000008003fa4                TIM1_CC_IRQHandler
                0x0000000008003fa4                PVD_IRQHandler
                0x0000000008003fa4                EXTI3_IRQHandler
                0x0000000008003fa4                EXTI0_IRQHandler
                0x0000000008003fa4                I2C2_EV_IRQHandler
                0x0000000008003fa4                ADC1_2_IRQHandler
                0x0000000008003fa4                SPI1_IRQHandler
                0x0000000008003fa4                TAMPER_IRQHandler
                0x0000000008003fa4                DMA1_Channel4_IRQHandler
                0x0000000008003fa4                USART3_IRQHandler
                0x0000000008003fa4                RTC_IRQHandler
                0x0000000008003fa4                DMA1_Channel7_IRQHandler
                0x0000000008003fa4                CAN1_RX1_IRQHandler
                0x0000000008003fa4                TIM4_IRQHandler
                0x0000000008003fa4                I2C1_EV_IRQHandler
                0x0000000008003fa4                DMA1_Channel6_IRQHandler
                0x0000000008003fa4                TIM3_IRQHandler
                0x0000000008003fa4                RCC_IRQHandler
                0x0000000008003fa4                TIM1_TRG_COM_IRQHandler
                0x0000000008003fa4                DMA1_Channel1_IRQHandler
                0x0000000008003fa4                Default_Handler
                0x0000000008003fa4                EXTI15_10_IRQHandler
                0x0000000008003fa4                EXTI9_5_IRQHandler
                0x0000000008003fa4                SPI2_IRQHandler
                0x0000000008003fa4                DMA1_Channel5_IRQHandler
                0x0000000008003fa4                EXTI4_IRQHandler
                0x0000000008003fa4                USB_LP_CAN1_RX0_IRQHandler
                0x0000000008003fa4                USB_HP_CAN1_TX_IRQHandler
                0x0000000008003fa4                DMA1_Channel3_IRQHandler
                0x0000000008003fa4                TIM1_UP_IRQHandler
                0x0000000008003fa4                WWDG_IRQHandler
                0x0000000008003fa4                TIM2_IRQHandler
                0x0000000008003fa4                TIM1_BRK_IRQHandler
                0x0000000008003fa4                EXTI1_IRQHandler
                0x0000000008003fa4                USART2_IRQHandler
                0x0000000008003fa4                I2C2_ER_IRQHandler
                0x0000000008003fa4                DMA1_Channel2_IRQHandler
                0x0000000008003fa4                CAN1_SCE_IRQHandler
                0x0000000008003fa4                FLASH_IRQHandler
                0x0000000008003fa4                USART1_IRQHandler
                0x0000000008003fa4                I2C1_ER_IRQHandler
                0x0000000008003fa4                USBWakeUp_IRQHandler
 *fill*         0x0000000008003fa6        0x2 
 .text.__libc_init_array
                0x0000000008003fa8       0x4c /usr/lib/gcc/arm-none-eabi/4.9.3/../../../arm-none-eabi/lib/armv7-m/libc_nano.a(lib_a-init.o)
                0x0000000008003fa8                __libc_init_array
 .text.sprintf  0x0000000008003ff4       0x48 /usr/lib/gcc/arm-none-eabi/4.9.3/../../../arm-none-eabi/lib/armv7-m/libc_nano.a(lib_a-sprintf.o)
                0x0000000008003ff4                sprintf
                0x0000000008003ff4                siprintf
 .text.strlen   0x000000000800403c       0x10 /usr/lib/gcc/arm-none-eabi/4.9.3/../../../arm-none-eabi/lib/armv7-m/libc_nano.a(lib_a-strlen.o)
                0x000000000800403c                strlen
 .text.__ssputs_r
                0x000000000800404c       0xb2 /usr/lib/gcc/arm-none-eabi/4.9.3/../../../arm-none-eabi/lib/armv7-m/libc_nano.a(lib_a-nano-svfprintf.o)
                0x000000000800404c                __ssputs_r
 *fill*         0x00000000080040fe        0x2 
 .text._svfprintf_r
                0x0000000008004100      0x1e4 /usr/lib/gcc/arm-none-eabi/4.9.3/../../../arm-none-eabi/lib/armv7-m/libc_nano.a(lib_a-nano-svfprintf.o)
                0x0000000008004100                _svfprintf_r
                0x0000000008004100                _svfiprintf_r
 .text._printf_common
                0x00000000080042e4       0xea /usr/lib/gcc/arm-none-eabi/4.9.3/../../../arm-none-eabi/lib/armv7-m/libc_nano.a(lib_a-nano-vfprintf_i.o)
                0x00000000080042e4                _printf_common
 *fill*         0x00000000080043ce        0x2 
 .text._printf_i
                0x00000000080043d0      0x240 /usr/lib/gcc/arm-none-eabi/4.9.3/../../../arm-none-eabi/lib/armv7-m/libc_nano.a(lib_a-nano-vfprintf_i.o)
                0x00000000080043d0                _printf_i
 .text.memchr   0x0000000008004610       0x1c /usr/lib/gcc/arm-none-eabi/4.9.3/../../../arm-none-eabi/lib/armv7-m/libc_nano.a(lib_a-memchr.o)
                0x0000000008004610                memchr
 .text.memcpy   0x000000000800462c       0x16 /usr/lib/gcc/arm-none-eabi/4.9.3/../../../arm-none-eabi/lib/armv7-m/libc_nano.a(lib_a-memcpy.o)
                0x000000000800462c                memcpy
 .text.memmove  0x0000000008004642       0x36 /usr/lib/gcc/arm-none-eabi/4.9.3/../../../arm-none-eabi/lib/armv7-m/libc_nano.a(lib_a-memmove.o)
                0x0000000008004642                memmove
 .text._free_r  0x0000000008004678       0x88 /usr/lib/gcc/arm-none-eabi/4.9.3/../../../arm-none-eabi/lib/armv7-m/libc_nano.a(lib_a-nano-freer.o)
                0x0000000008004678                _free_r
 .text._malloc_r
                0x0000000008004700       0xac /usr/lib/gcc/arm-none-eabi/4.9.3/../../../arm-none-eabi/lib/armv7-m/libc_nano.a(lib_a-nano-mallocr.o)
                0x0000000008004700                _malloc_r
 .text._realloc_r
                0x00000000080047ac       0x4c /usr/lib/gcc/arm-none-eabi/4.9.3/../../../arm-none-eabi/lib/armv7-m/libc_nano.a(lib_a-nano-reallocr.o)
                0x00000000080047ac                _realloc_r
 .text._sbrk_r  0x00000000080047f8       0x20 /usr/lib/gcc/arm-none-eabi/4.9.3/../../../arm-none-eabi/lib/armv7-m/libc_nano.a(lib_a-sbrkr.o)
                0x00000000080047f8                _sbrk_r
 .text._malloc_usable_size_r
                0x0000000008004818       0x14 /usr/lib/gcc/arm-none-eabi/4.9.3/../../../arm-none-eabi/lib/armv7-m/libc_nano.a(lib_a-nano-msizer.o)
                0x0000000008004818                _malloc_usable_size_r
 .text._sbrk    0x000000000800482c       0x1c /usr/lib/gcc/arm-none-eabi/4.9.3/../../../arm-none-eabi/lib/armv7-m/libnosys.a(sbrk.o)
                0x000000000800482c                _sbrk
 *(.glue_7)
 .glue_7        0x0000000008004848        0x0 linker stubs
 *(.glue_7t)
 .glue_7t       0x0000000008004848        0x0 linker stubs
 *(.eh_frame)
 .eh_frame      0x0000000008004848        0x0 /usr/lib/gcc/arm-none-eabi/4.9.3/armv7-m/crtbegin.o
 *(.init)
 .init          0x0000000008004848        0x4 /usr/lib/gcc/arm-none-eabi/4.9.3/armv7-m/crti.o
                0x0000000008004848                _init
 .init          0x000000000800484c        0x8 /usr/lib/gcc/arm-none-eabi/4.9.3/armv7-m/crtn.o
 *(.fini)
 .fini          0x0000000008004854        0x4 /usr/lib/gcc/arm-none-eabi/4.9.3/armv7-m/crti.o
                0x0000000008004854                _fini
 .fini          0x0000000008004858        0x8 /usr/lib/gcc/arm-none-eabi/4.9.3/armv7-m/crtn.o
                0x0000000008004860                . = ALIGN (0x4)
                0x0000000008004860                _etext = .

.vfp11_veneer   0x0000000008004860        0x0
 .vfp11_veneer  0x0000000008004860        0x0 linker stubs

.v4_bx          0x0000000008004860        0x0
 .v4_bx         0x0000000008004860        0x0 linker stubs

.iplt           0x0000000008004860        0x0
 .iplt          0x0000000008004860        0x0 /usr/lib/gcc/arm-none-eabi/4.9.3/armv7-m/crtbegin.o

.rodata         0x0000000008004860     0x21e4
                0x0000000008004860                . = ALIGN (0x4)
 *(.rodata)
 .rodata        0x0000000008004860       0x12 build/stm32f1xx_hal_rcc.o
 *fill*         0x0000000008004872        0x2 
 .rodata        0x0000000008004874       0x12 build/stm32f1xx_hal_rcc_ex.o
 *(.rodata*)
 *fill*         0x0000000008004886        0x2 
 .rodata.str1.4
                0x0000000008004888       0x7b build/main.o
 *fill*         0x0000000008004903        0x1 
 .rodata.str1.4
                0x0000000008004904        0xa build/adc.o
 *fill*         0x000000000800490e        0x2 
 .rodata.str1.4
                0x0000000008004910        0xa build/i2c.o
 *fill*         0x000000000800491a        0x2 
 .rodata.str1.4
                0x000000000800491c        0xa build/rtc.o
 *fill*         0x0000000008004926        0x2 
 .rodata.str1.4
                0x0000000008004928        0xa build/spi.o
 *fill*         0x0000000008004932        0x2 
 .rodata.str1.4
                0x0000000008004934        0xa build/tim.o
 *fill*         0x000000000800493e        0x2 
 .rodata.str1.4
                0x0000000008004940        0xc build/usart.o
 .rodata.Font11x18
                0x000000000800494c      0xd5c build/fonts.o
 .rodata.Font16x26
                0x00000000080056a8     0x134c build/fonts.o
 .rodata.AHBPrescTable
                0x00000000080069f4       0x10 build/system_stm32f1xx.o
                0x00000000080069f4                AHBPrescTable
 .rodata.APBPrescTable
                0x0000000008006a04        0x8 build/system_stm32f1xx.o
                0x0000000008006a04                APBPrescTable
 .rodata.str1.1
                0x0000000008006a0c        0x2 /usr/lib/gcc/arm-none-eabi/4.9.3/../../../arm-none-eabi/lib/armv7-m/libc_nano.a(lib_a-impure.o)
 .rodata.str1.1
                0x0000000008006a0e       0x11 /usr/lib/gcc/arm-none-eabi/4.9.3/../../../arm-none-eabi/lib/armv7-m/libc_nano.a(lib_a-nano-svfprintf.o)
 .rodata.str1.1
                0x0000000008006a1f       0x22 /usr/lib/gcc/arm-none-eabi/4.9.3/../../../arm-none-eabi/lib/armv7-m/libc_nano.a(lib_a-nano-vfprintf_i.o)
                0x0000000008006a44                . = ALIGN (0x4)
 *fill*         0x0000000008006a41        0x3 

.rel.dyn        0x0000000008006a44        0x0
 .rel.iplt      0x0000000008006a44        0x0 /usr/lib/gcc/arm-none-eabi/4.9.3/armv7-m/crtbegin.o

.ARM.extab
 *(.ARM.extab* .gnu.linkonce.armextab.*)

.ARM            0x0000000008006a44        0x0
                0x0000000008006a44                __exidx_start = .
 *(.ARM.exidx*)
                0x0000000008006a44                __exidx_end = .

.preinit_array  0x0000000008006a44        0x0
                0x0000000008006a44                PROVIDE (__preinit_array_start, .)
 *(.preinit_array*)
                0x0000000008006a44                PROVIDE (__preinit_array_end, .)

.init_array     0x0000000008006a44        0x4
                0x0000000008006a44                PROVIDE (__init_array_start, .)
 *(SORT(.init_array.*))
 *(.init_array*)
 .init_array    0x0000000008006a44        0x4 /usr/lib/gcc/arm-none-eabi/4.9.3/armv7-m/crtbegin.o
                0x0000000008006a48                PROVIDE (__init_array_end, .)

.fini_array     0x0000000008006a48        0x4
                0x0000000008006a48                PROVIDE (__fini_array_start, .)
 *(SORT(.fini_array.*))
 *(.fini_array*)
 .fini_array    0x0000000008006a48        0x4 /usr/lib/gcc/arm-none-eabi/4.9.3/armv7-m/crtbegin.o
                0x0000000008006a4c                PROVIDE (__fini_array_end, .)
                0x0000000008006a4c                _sidata = LOADADDR (.data)

.data           0x0000000020000000       0x80 load address 0x0000000008006a4c
                0x0000000020000000                . = ALIGN (0x4)
                0x0000000020000000                _sdata = .
 *(.data)
 *(.data*)
 .data.Font_11x18
                0x0000000020000000        0x8 build/fonts.o
                0x0000000020000000                Font_11x18
 .data.Font_16x26
                0x0000000020000008        0x8 build/fonts.o
                0x0000000020000008                Font_16x26
 .data.uwTickPrio
                0x0000000020000010        0x4 build/stm32f1xx_hal.o
                0x0000000020000010                uwTickPrio
 .data.uwTickFreq
                0x0000000020000014        0x1 build/stm32f1xx_hal.o
                0x0000000020000014                uwTickFreq
 *fill*         0x0000000020000015        0x3 
 .data.SystemCoreClock
                0x0000000020000018        0x4 build/system_stm32f1xx.o
                0x0000000020000018                SystemCoreClock
 .data.impure_data
                0x000000002000001c       0x60 /usr/lib/gcc/arm-none-eabi/4.9.3/../../../arm-none-eabi/lib/armv7-m/libc_nano.a(lib_a-impure.o)
 .data._impure_ptr
                0x000000002000007c        0x4 /usr/lib/gcc/arm-none-eabi/4.9.3/../../../arm-none-eabi/lib/armv7-m/libc_nano.a(lib_a-impure.o)
                0x000000002000007c                _impure_ptr
                0x0000000020000080                . = ALIGN (0x4)
                0x0000000020000080                _edata = .

.jcr            0x0000000020000080        0x0 load address 0x0000000008006acc
 .jcr           0x0000000020000080        0x0 /usr/lib/gcc/arm-none-eabi/4.9.3/armv7-m/crtbegin.o

.tm_clone_table
                0x0000000020000080        0x0 load address 0x0000000008006acc
 .tm_clone_table
                0x0000000020000080        0x0 /usr/lib/gcc/arm-none-eabi/4.9.3/armv7-m/crtbegin.o
 .tm_clone_table
                0x0000000020000080        0x0 /usr/lib/gcc/arm-none-eabi/4.9.3/armv7-m/crtend.o

.igot.plt       0x0000000020000080        0x0 load address 0x0000000008006acc
 .igot.plt      0x0000000020000080        0x0 /usr/lib/gcc/arm-none-eabi/4.9.3/armv7-m/crtbegin.o
                0x0000000020000080                . = ALIGN (0x4)

.bss            0x0000000020000080      0x784 load address 0x0000000008006acc
                0x0000000020000080                _sbss = .
                0x0000000020000080                __bss_start__ = _sbss
 *(.bss)
 .bss           0x0000000020000080       0x1c /usr/lib/gcc/arm-none-eabi/4.9.3/armv7-m/crtbegin.o
 *(.bss*)
 .bss.SSD1306_Buffer
                0x000000002000009c      0x400 build/ssd1306.o
 .bss.SSD1306   0x000000002000049c        0x6 build/ssd1306.o
 *fill*         0x00000000200004a2        0x2 
 .bss.__malloc_sbrk_start
                0x00000000200004a4        0x4 /usr/lib/gcc/arm-none-eabi/4.9.3/../../../arm-none-eabi/lib/armv7-m/libc_nano.a(lib_a-nano-mallocr.o)
                0x00000000200004a4                __malloc_sbrk_start
 .bss.__malloc_free_list
                0x00000000200004a8        0x4 /usr/lib/gcc/arm-none-eabi/4.9.3/../../../arm-none-eabi/lib/armv7-m/libc_nano.a(lib_a-nano-mallocr.o)
                0x00000000200004a8                __malloc_free_list
 .bss.heap_end.4079
                0x00000000200004ac        0x4 /usr/lib/gcc/arm-none-eabi/4.9.3/../../../arm-none-eabi/lib/armv7-m/libnosys.a(sbrk.o)
 *(COMMON)
 COMMON         0x00000000200004b0       0x60 build/adc.o
                0x00000000200004b0                hadc2
                0x00000000200004e0                hadc1
 COMMON         0x0000000020000510       0xa8 build/i2c.o
                0x0000000020000510                hi2c1
                0x0000000020000564                hi2c2
 COMMON         0x00000000200005b8       0x14 build/rtc.o
                0x00000000200005b8                hrtc
 COMMON         0x00000000200005cc       0xb0 build/spi.o
                0x00000000200005cc                hspi2
                0x0000000020000624                hspi1
 COMMON         0x000000002000067c      0x100 build/tim.o
                0x000000002000067c                htim4
                0x00000000200006bc                htim3
                0x00000000200006fc                htim1
                0x000000002000073c                htim2
 COMMON         0x000000002000077c       0x80 build/usart.o
                0x000000002000077c                huart1
                0x00000000200007bc                huart2
 COMMON         0x00000000200007fc        0x4 build/stm32f1xx_hal.o
                0x00000000200007fc                uwTick
 COMMON         0x0000000020000800        0x4 /usr/lib/gcc/arm-none-eabi/4.9.3/../../../arm-none-eabi/lib/armv7-m/libc_nano.a(lib_a-reent.o)
                0x0000000020000800                errno
                0x0000000020000804                . = ALIGN (0x4)
                0x0000000020000804                _ebss = .
                0x0000000020000804                __bss_end__ = _ebss

._user_heap_stack
                0x0000000020000804      0x604 load address 0x0000000008006acc
                0x0000000020000808                . = ALIGN (0x8)
 *fill*         0x0000000020000804        0x4 
                0x0000000020000808                PROVIDE (end, .)
                [!provide]                        PROVIDE (_end, .)
                0x0000000020000a08                . = (. + _Min_Heap_Size)
 *fill*         0x0000000020000808      0x200 
                0x0000000020000e08                . = (. + _Min_Stack_Size)
 *fill*         0x0000000020000a08      0x400 
                0x0000000020000e08                . = ALIGN (0x8)

/DISCARD/
 libc.a(*)
 libm.a(*)
 libgcc.a(*)

.ARM.attributes
                0x0000000000000000       0x29
 *(.ARM.attributes)
 .ARM.attributes
                0x0000000000000000       0x1d /usr/lib/gcc/arm-none-eabi/4.9.3/armv7-m/crti.o
 .ARM.attributes
                0x000000000000001d       0x2d /usr/lib/gcc/arm-none-eabi/4.9.3/armv7-m/crtbegin.o
 .ARM.attributes
                0x000000000000004a       0x33 build/main.o
 .ARM.attributes
                0x000000000000007d       0x33 build/gpio.o
 .ARM.attributes
                0x00000000000000b0       0x33 build/adc.o
 .ARM.attributes
                0x00000000000000e3       0x33 build/i2c.o
 .ARM.attributes
                0x0000000000000116       0x33 build/rtc.o
 .ARM.attributes
                0x0000000000000149       0x33 build/spi.o
 .ARM.attributes
                0x000000000000017c       0x33 build/tim.o
 .ARM.attributes
                0x00000000000001af       0x33 build/usart.o
 .ARM.attributes
                0x00000000000001e2       0x33 build/stm32f1xx_it.o
 .ARM.attributes
                0x0000000000000215       0x33 build/stm32f1xx_hal_msp.o
 .ARM.attributes
                0x0000000000000248       0x33 build/fonts.o
 .ARM.attributes
                0x000000000000027b       0x33 build/ssd1306.o
 .ARM.attributes
                0x00000000000002ae       0x33 build/stm32f1xx_hal_adc.o
 .ARM.attributes
                0x00000000000002e1       0x33 build/stm32f1xx_hal_i2c.o
 .ARM.attributes
                0x0000000000000314       0x33 build/stm32f1xx_hal_rtc.o
 .ARM.attributes
                0x0000000000000347       0x33 build/stm32f1xx_hal_spi_ex.o
 .ARM.attributes
                0x000000000000037a       0x33 build/stm32f1xx_hal_tim.o
 .ARM.attributes
                0x00000000000003ad       0x33 build/stm32f1xx_hal_tim_ex.o
 .ARM.attributes
                0x00000000000003e0       0x33 build/stm32f1xx_hal_uart.o
 .ARM.attributes
                0x0000000000000413       0x33 build/stm32f1xx_hal.o
 .ARM.attributes
                0x0000000000000446       0x33 build/stm32f1xx_hal_rcc.o
 .ARM.attributes
                0x0000000000000479       0x33 build/stm32f1xx_hal_rcc_ex.o
 .ARM.attributes
                0x00000000000004ac       0x33 build/stm32f1xx_hal_gpio.o
 .ARM.attributes
                0x00000000000004df       0x33 build/stm32f1xx_hal_cortex.o
 .ARM.attributes
                0x0000000000000512       0x33 build/stm32f1xx_hal_pwr.o
 .ARM.attributes
                0x0000000000000545       0x33 build/system_stm32f1xx.o
 .ARM.attributes
                0x0000000000000578       0x21 build/startup_stm32f103xb.o
 .ARM.attributes
                0x0000000000000599       0x2d /usr/lib/gcc/arm-none-eabi/4.9.3/../../../arm-none-eabi/lib/armv7-m/libc_nano.a(lib_a-impure.o)
 .ARM.attributes
                0x00000000000005c6       0x2d /usr/lib/gcc/arm-none-eabi/4.9.3/../../../arm-none-eabi/lib/armv7-m/libc_nano.a(lib_a-init.o)
 .ARM.attributes
                0x00000000000005f3       0x2d /usr/lib/gcc/arm-none-eabi/4.9.3/../../../arm-none-eabi/lib/armv7-m/libc_nano.a(lib_a-sprintf.o)
 .ARM.attributes
                0x0000000000000620       0x2d /usr/lib/gcc/arm-none-eabi/4.9.3/../../../arm-none-eabi/lib/armv7-m/libc_nano.a(lib_a-strlen.o)
 .ARM.attributes
                0x000000000000064d       0x2d /usr/lib/gcc/arm-none-eabi/4.9.3/../../../arm-none-eabi/lib/armv7-m/libc_nano.a(lib_a-nano-svfprintf.o)
 .ARM.attributes
                0x000000000000067a       0x2d /usr/lib/gcc/arm-none-eabi/4.9.3/../../../arm-none-eabi/lib/armv7-m/libc_nano.a(lib_a-nano-vfprintf_i.o)
 .ARM.attributes
                0x00000000000006a7       0x2d /usr/lib/gcc/arm-none-eabi/4.9.3/../../../arm-none-eabi/lib/armv7-m/libc_nano.a(lib_a-memchr.o)
 .ARM.attributes
                0x00000000000006d4       0x2d /usr/lib/gcc/arm-none-eabi/4.9.3/../../../arm-none-eabi/lib/armv7-m/libc_nano.a(lib_a-memcpy.o)
 .ARM.attributes
                0x0000000000000701       0x2d /usr/lib/gcc/arm-none-eabi/4.9.3/../../../arm-none-eabi/lib/armv7-m/libc_nano.a(lib_a-memmove.o)
 .ARM.attributes
                0x000000000000072e       0x2d /usr/lib/gcc/arm-none-eabi/4.9.3/../../../arm-none-eabi/lib/armv7-m/libc_nano.a(lib_a-nano-freer.o)
 .ARM.attributes
                0x000000000000075b       0x2d /usr/lib/gcc/arm-none-eabi/4.9.3/../../../arm-none-eabi/lib/armv7-m/libc_nano.a(lib_a-nano-mallocr.o)
 .ARM.attributes
                0x0000000000000788       0x2d /usr/lib/gcc/arm-none-eabi/4.9.3/../../../arm-none-eabi/lib/armv7-m/libc_nano.a(lib_a-nano-reallocr.o)
 .ARM.attributes
                0x00000000000007b5       0x2d /usr/lib/gcc/arm-none-eabi/4.9.3/../../../arm-none-eabi/lib/armv7-m/libc_nano.a(lib_a-sbrkr.o)
 .ARM.attributes
                0x00000000000007e2       0x2d /usr/lib/gcc/arm-none-eabi/4.9.3/../../../arm-none-eabi/lib/armv7-m/libc_nano.a(lib_a-nano-msizer.o)
 .ARM.attributes
                0x000000000000080f       0x2d /usr/lib/gcc/arm-none-eabi/4.9.3/../../../arm-none-eabi/lib/armv7-m/libc_nano.a(lib_a-reent.o)
 .ARM.attributes
                0x000000000000083c       0x2d /usr/lib/gcc/arm-none-eabi/4.9.3/../../../arm-none-eabi/lib/armv7-m/libnosys.a(sbrk.o)
 .ARM.attributes
                0x0000000000000869       0x1d /usr/lib/gcc/arm-none-eabi/4.9.3/armv7-m/libgcc.a(_arm_addsubdf3.o)
 .ARM.attributes
                0x0000000000000886       0x1d /usr/lib/gcc/arm-none-eabi/4.9.3/armv7-m/libgcc.a(_arm_muldivdf3.o)
 .ARM.attributes
                0x00000000000008a3       0x1d /usr/lib/gcc/arm-none-eabi/4.9.3/armv7-m/libgcc.a(_arm_cmpdf2.o)
 .ARM.attributes
                0x00000000000008c0       0x1d /usr/lib/gcc/arm-none-eabi/4.9.3/armv7-m/libgcc.a(_arm_fixdfsi.o)
 .ARM.attributes
                0x00000000000008dd       0x2d /usr/lib/gcc/arm-none-eabi/4.9.3/armv7-m/crtend.o
 .ARM.attributes
                0x000000000000090a       0x1d /usr/lib/gcc/arm-none-eabi/4.9.3/armv7-m/crtn.o
OUTPUT(build/dive_watch_stm32f103.elf elf32-littlearm)

.comment        0x0000000000000000       0x70
 .comment       0x0000000000000000       0x38 /usr/lib/gcc/arm-none-eabi/4.9.3/armv7-m/crtbegin.o
                                         0x39 (size before relaxing)
 .comment       0x0000000000000038       0x39 build/main.o
 .comment       0x0000000000000038       0x39 build/gpio.o
 .comment       0x0000000000000038       0x39 build/adc.o
 .comment       0x0000000000000038       0x39 build/i2c.o
 .comment       0x0000000000000038       0x39 build/rtc.o
 .comment       0x0000000000000038       0x39 build/spi.o
 .comment       0x0000000000000038       0x39 build/tim.o
 .comment       0x0000000000000038       0x39 build/usart.o
 .comment       0x0000000000000038       0x39 build/stm32f1xx_it.o
 .comment       0x0000000000000038       0x39 build/stm32f1xx_hal_msp.o
 .comment       0x0000000000000038       0x39 build/fonts.o
 .comment       0x0000000000000038       0x39 build/ssd1306.o
 .comment       0x0000000000000038       0x39 build/stm32f1xx_hal_adc.o
 .comment       0x0000000000000038       0x39 build/stm32f1xx_hal_i2c.o
 .comment       0x0000000000000038       0x39 build/stm32f1xx_hal_rtc.o
 .comment       0x0000000000000038       0x39 build/stm32f1xx_hal_spi_ex.o
 .comment       0x0000000000000038       0x39 build/stm32f1xx_hal_tim.o
 .comment       0x0000000000000038       0x39 build/stm32f1xx_hal_tim_ex.o
 .comment       0x0000000000000038       0x39 build/stm32f1xx_hal_uart.o
 .comment       0x0000000000000038       0x39 build/stm32f1xx_hal.o
 .comment       0x0000000000000038       0x39 build/stm32f1xx_hal_rcc.o
 .comment       0x0000000000000038       0x39 build/stm32f1xx_hal_rcc_ex.o
 .comment       0x0000000000000038       0x39 build/stm32f1xx_hal_gpio.o
 .comment       0x0000000000000038       0x39 build/stm32f1xx_hal_cortex.o
 .comment       0x0000000000000038       0x39 build/stm32f1xx_hal_pwr.o
 .comment       0x0000000000000038       0x39 build/system_stm32f1xx.o
 .comment       0x0000000000000038       0x38 /usr/lib/gcc/arm-none-eabi/4.9.3/../../../arm-none-eabi/lib/armv7-m/libc_nano.a(lib_a-impure.o)
                                         0x39 (size before relaxing)
 .comment       0x0000000000000070       0x39 /usr/lib/gcc/arm-none-eabi/4.9.3/../../../arm-none-eabi/lib/armv7-m/libc_nano.a(lib_a-init.o)
 .comment       0x0000000000000070       0x39 /usr/lib/gcc/arm-none-eabi/4.9.3/../../../arm-none-eabi/lib/armv7-m/libc_nano.a(lib_a-sprintf.o)
 .comment       0x0000000000000070       0x39 /usr/lib/gcc/arm-none-eabi/4.9.3/../../../arm-none-eabi/lib/armv7-m/libc_nano.a(lib_a-strlen.o)
 .comment       0x0000000000000070       0x39 /usr/lib/gcc/arm-none-eabi/4.9.3/../../../arm-none-eabi/lib/armv7-m/libc_nano.a(lib_a-nano-svfprintf.o)
 .comment       0x0000000000000070       0x39 /usr/lib/gcc/arm-none-eabi/4.9.3/../../../arm-none-eabi/lib/armv7-m/libc_nano.a(lib_a-nano-vfprintf_i.o)
 .comment       0x0000000000000070       0x39 /usr/lib/gcc/arm-none-eabi/4.9.3/../../../arm-none-eabi/lib/armv7-m/libc_nano.a(lib_a-memchr.o)
 .comment       0x0000000000000070       0x39 /usr/lib/gcc/arm-none-eabi/4.9.3/../../../arm-none-eabi/lib/armv7-m/libc_nano.a(lib_a-memcpy.o)
 .comment       0x0000000000000070       0x39 /usr/lib/gcc/arm-none-eabi/4.9.3/../../../arm-none-eabi/lib/armv7-m/libc_nano.a(lib_a-memmove.o)
 .comment       0x0000000000000070       0x39 /usr/lib/gcc/arm-none-eabi/4.9.3/../../../arm-none-eabi/lib/armv7-m/libc_nano.a(lib_a-nano-freer.o)
 .comment       0x0000000000000070       0x39 /usr/lib/gcc/arm-none-eabi/4.9.3/../../../arm-none-eabi/lib/armv7-m/libc_nano.a(lib_a-nano-mallocr.o)
 .comment       0x0000000000000070       0x39 /usr/lib/gcc/arm-none-eabi/4.9.3/../../../arm-none-eabi/lib/armv7-m/libc_nano.a(lib_a-nano-reallocr.o)
 .comment       0x0000000000000070       0x39 /usr/lib/gcc/arm-none-eabi/4.9.3/../../../arm-none-eabi/lib/armv7-m/libc_nano.a(lib_a-sbrkr.o)
 .comment       0x0000000000000070       0x39 /usr/lib/gcc/arm-none-eabi/4.9.3/../../../arm-none-eabi/lib/armv7-m/libc_nano.a(lib_a-nano-msizer.o)
 .comment       0x0000000000000070       0x39 /usr/lib/gcc/arm-none-eabi/4.9.3/../../../arm-none-eabi/lib/armv7-m/libc_nano.a(lib_a-reent.o)
 .comment       0x0000000000000070       0x39 /usr/lib/gcc/arm-none-eabi/4.9.3/../../../arm-none-eabi/lib/armv7-m/libnosys.a(sbrk.o)
 .comment       0x0000000000000070       0x39 /usr/lib/gcc/arm-none-eabi/4.9.3/armv7-m/crtend.o

.debug_info     0x0000000000000000    0x1bb02
 .debug_info    0x0000000000000000     0x17f1 build/main.o
 .debug_info    0x00000000000017f1      0x342 build/gpio.o
 .debug_info    0x0000000000001b33      0x9f9 build/adc.o
 .debug_info    0x000000000000252c      0xa54 build/i2c.o
 .debug_info    0x0000000000002f80      0x513 build/rtc.o
 .debug_info    0x0000000000003493      0x9bb build/spi.o
 .debug_info    0x0000000000003e4e      0xfc7 build/tim.o
 .debug_info    0x0000000000004e15      0x9e3 build/usart.o
 .debug_info    0x00000000000057f8      0x192 build/stm32f1xx_it.o
 .debug_info    0x000000000000598a      0x4ae build/stm32f1xx_hal_msp.o
 .debug_info    0x0000000000005e38      0x1c3 build/fonts.o
 .debug_info    0x0000000000005ffb      0xc62 build/ssd1306.o
 .debug_info    0x0000000000006c5d      0xee7 build/stm32f1xx_hal_adc.o
 .debug_info    0x0000000000007b44     0x3114 build/stm32f1xx_hal_i2c.o
 .debug_info    0x000000000000ac58     0x1209 build/stm32f1xx_hal_rtc.o
 .debug_info    0x000000000000be61      0x633 build/stm32f1xx_hal_spi_ex.o
 .debug_info    0x000000000000c494     0x30fc build/stm32f1xx_hal_tim.o
 .debug_info    0x000000000000f590     0x13ea build/stm32f1xx_hal_tim_ex.o
 .debug_info    0x000000000001097a     0x178e build/stm32f1xx_hal_uart.o
 .debug_info    0x0000000000012108      0x7ec build/stm32f1xx_hal.o
 .debug_info    0x00000000000128f4      0xa9c build/stm32f1xx_hal_rcc.o
 .debug_info    0x0000000000013390      0x438 build/stm32f1xx_hal_rcc_ex.o
 .debug_info    0x00000000000137c8      0x65b build/stm32f1xx_hal_gpio.o
 .debug_info    0x0000000000013e23      0xcb4 build/stm32f1xx_hal_cortex.o
 .debug_info    0x0000000000014ad7      0x783 build/stm32f1xx_hal_pwr.o
 .debug_info    0x000000000001525a      0x412 build/system_stm32f1xx.o
 .debug_info    0x000000000001566c       0x6b build/startup_stm32f103xb.o
 .debug_info    0x00000000000156d7      0x7d3 /usr/lib/gcc/arm-none-eabi/4.9.3/../../../arm-none-eabi/lib/armv7-m/libc_nano.a(lib_a-impure.o)
 .debug_info    0x0000000000015eaa      0x105 /usr/lib/gcc/arm-none-eabi/4.9.3/../../../arm-none-eabi/lib/armv7-m/libc_nano.a(lib_a-init.o)
 .debug_info    0x0000000000015faf      0x89a /usr/lib/gcc/arm-none-eabi/4.9.3/../../../arm-none-eabi/lib/armv7-m/libc_nano.a(lib_a-sprintf.o)
 .debug_info    0x0000000000016849       0xcd /usr/lib/gcc/arm-none-eabi/4.9.3/../../../arm-none-eabi/lib/armv7-m/libc_nano.a(lib_a-strlen.o)
 .debug_info    0x0000000000016916      0xdf4 /usr/lib/gcc/arm-none-eabi/4.9.3/../../../arm-none-eabi/lib/armv7-m/libc_nano.a(lib_a-nano-svfprintf.o)
 .debug_info    0x000000000001770a      0xb5b /usr/lib/gcc/arm-none-eabi/4.9.3/../../../arm-none-eabi/lib/armv7-m/libc_nano.a(lib_a-nano-vfprintf_i.o)
 .debug_info    0x0000000000018265       0xf8 /usr/lib/gcc/arm-none-eabi/4.9.3/../../../arm-none-eabi/lib/armv7-m/libc_nano.a(lib_a-memchr.o)
 .debug_info    0x000000000001835d      0x104 /usr/lib/gcc/arm-none-eabi/4.9.3/../../../arm-none-eabi/lib/armv7-m/libc_nano.a(lib_a-memcpy.o)
 .debug_info    0x0000000000018461      0x102 /usr/lib/gcc/arm-none-eabi/4.9.3/../../../arm-none-eabi/lib/armv7-m/libc_nano.a(lib_a-memmove.o)
 .debug_info    0x0000000000018563      0x81a /usr/lib/gcc/arm-none-eabi/4.9.3/../../../arm-none-eabi/lib/armv7-m/libc_nano.a(lib_a-nano-freer.o)
 .debug_info    0x0000000000018d7d      0x8fb /usr/lib/gcc/arm-none-eabi/4.9.3/../../../arm-none-eabi/lib/armv7-m/libc_nano.a(lib_a-nano-mallocr.o)
 .debug_info    0x0000000000019678      0x8b5 /usr/lib/gcc/arm-none-eabi/4.9.3/../../../arm-none-eabi/lib/armv7-m/libc_nano.a(lib_a-nano-reallocr.o)
 .debug_info    0x0000000000019f2d      0x7a0 /usr/lib/gcc/arm-none-eabi/4.9.3/../../../arm-none-eabi/lib/armv7-m/libc_nano.a(lib_a-sbrkr.o)
 .debug_info    0x000000000001a6cd      0x7b9 /usr/lib/gcc/arm-none-eabi/4.9.3/../../../arm-none-eabi/lib/armv7-m/libc_nano.a(lib_a-nano-msizer.o)
 .debug_info    0x000000000001ae86      0x8fb /usr/lib/gcc/arm-none-eabi/4.9.3/../../../arm-none-eabi/lib/armv7-m/libc_nano.a(lib_a-reent.o)
 .debug_info    0x000000000001b781       0x99 /usr/lib/gcc/arm-none-eabi/4.9.3/../../../arm-none-eabi/lib/armv7-m/libnosys.a(sbrk.o)
 .debug_info    0x000000000001b81a       0xba /usr/lib/gcc/arm-none-eabi/4.9.3/armv7-m/libgcc.a(_arm_addsubdf3.o)
 .debug_info    0x000000000001b8d4       0xba /usr/lib/gcc/arm-none-eabi/4.9.3/armv7-m/libgcc.a(_arm_muldivdf3.o)
 .debug_info    0x000000000001b98e       0xba /usr/lib/gcc/arm-none-eabi/4.9.3/armv7-m/libgcc.a(_arm_cmpdf2.o)
 .debug_info    0x000000000001ba48       0xba /usr/lib/gcc/arm-none-eabi/4.9.3/armv7-m/libgcc.a(_arm_fixdfsi.o)

.debug_abbrev   0x0000000000000000     0x48cd
 .debug_abbrev  0x0000000000000000      0x30a build/main.o
 .debug_abbrev  0x000000000000030a      0x12f build/gpio.o
 .debug_abbrev  0x0000000000000439      0x1aa build/adc.o
 .debug_abbrev  0x00000000000005e3      0x1cb build/i2c.o
 .debug_abbrev  0x00000000000007ae      0x1bd build/rtc.o
 .debug_abbrev  0x000000000000096b      0x1aa build/spi.o
 .debug_abbrev  0x0000000000000b15      0x222 build/tim.o
 .debug_abbrev  0x0000000000000d37      0x1cb build/usart.o
 .debug_abbrev  0x0000000000000f02       0x9f build/stm32f1xx_it.o
 .debug_abbrev  0x0000000000000fa1      0x134 build/stm32f1xx_hal_msp.o
 .debug_abbrev  0x00000000000010d5       0xa9 build/fonts.o
 .debug_abbrev  0x000000000000117e      0x22b build/ssd1306.o
 .debug_abbrev  0x00000000000013a9      0x252 build/stm32f1xx_hal_adc.o
 .debug_abbrev  0x00000000000015fb      0x2bb build/stm32f1xx_hal_i2c.o
 .debug_abbrev  0x00000000000018b6      0x275 build/stm32f1xx_hal_rtc.o
 .debug_abbrev  0x0000000000001b2b      0x14c build/stm32f1xx_hal_spi_ex.o
 .debug_abbrev  0x0000000000001c77      0x29b build/stm32f1xx_hal_tim.o
 .debug_abbrev  0x0000000000001f12      0x261 build/stm32f1xx_hal_tim_ex.o
 .debug_abbrev  0x0000000000002173      0x2a8 build/stm32f1xx_hal_uart.o
 .debug_abbrev  0x000000000000241b      0x232 build/stm32f1xx_hal.o
 .debug_abbrev  0x000000000000264d      0x2aa build/stm32f1xx_hal_rcc.o
 .debug_abbrev  0x00000000000028f7      0x1b5 build/stm32f1xx_hal_rcc_ex.o
 .debug_abbrev  0x0000000000002aac      0x200 build/stm32f1xx_hal_gpio.o
 .debug_abbrev  0x0000000000002cac      0x2bf build/stm32f1xx_hal_cortex.o
 .debug_abbrev  0x0000000000002f6b      0x1fe build/stm32f1xx_hal_pwr.o
 .debug_abbrev  0x0000000000003169      0x122 build/system_stm32f1xx.o
 .debug_abbrev  0x000000000000328b       0x12 build/startup_stm32f103xb.o
 .debug_abbrev  0x000000000000329d      0x136 /usr/lib/gcc/arm-none-eabi/4.9.3/../../../arm-none-eabi/lib/armv7-m/libc_nano.a(lib_a-impure.o)
 .debug_abbrev  0x00000000000033d3       0xba /usr/lib/gcc/arm-none-eabi/4.9.3/../../../arm-none-eabi/lib/armv7-m/libc_nano.a(lib_a-init.o)
 .debug_abbrev  0x000000000000348d      0x1bd /usr/lib/gcc/arm-none-eabi/4.9.3/../../../arm-none-eabi/lib/armv7-m/libc_nano.a(lib_a-sprintf.o)
 .debug_abbrev  0x000000000000364a       0x8c /usr/lib/gcc/arm-none-eabi/4.9.3/../../../arm-none-eabi/lib/armv7-m/libc_nano.a(lib_a-strlen.o)
 .debug_abbrev  0x00000000000036d6      0x278 /usr/lib/gcc/arm-none-eabi/4.9.3/../../../arm-none-eabi/lib/armv7-m/libc_nano.a(lib_a-nano-svfprintf.o)
 .debug_abbrev  0x000000000000394e      0x1fb /usr/lib/gcc/arm-none-eabi/4.9.3/../../../arm-none-eabi/lib/armv7-m/libc_nano.a(lib_a-nano-vfprintf_i.o)
 .debug_abbrev  0x0000000000003b49       0xab /usr/lib/gcc/arm-none-eabi/4.9.3/../../../arm-none-eabi/lib/armv7-m/libc_nano.a(lib_a-memchr.o)
 .debug_abbrev  0x0000000000003bf4       0xa4 /usr/lib/gcc/arm-none-eabi/4.9.3/../../../arm-none-eabi/lib/armv7-m/libc_nano.a(lib_a-memcpy.o)
 .debug_abbrev  0x0000000000003c98       0x9c /usr/lib/gcc/arm-none-eabi/4.9.3/../../../arm-none-eabi/lib/armv7-m/libc_nano.a(lib_a-memmove.o)
 .debug_abbrev  0x0000000000003d34      0x1b6 /usr/lib/gcc/arm-none-eabi/4.9.3/../../../arm-none-eabi/lib/armv7-m/libc_nano.a(lib_a-nano-freer.o)
 .debug_abbrev  0x0000000000003eea      0x250 /usr/lib/gcc/arm-none-eabi/4.9.3/../../../arm-none-eabi/lib/armv7-m/libc_nano.a(lib_a-nano-mallocr.o)
 .debug_abbrev  0x000000000000413a      0x1cb /usr/lib/gcc/arm-none-eabi/4.9.3/../../../arm-none-eabi/lib/armv7-m/libc_nano.a(lib_a-nano-reallocr.o)
 .debug_abbrev  0x0000000000004305      0x1a2 /usr/lib/gcc/arm-none-eabi/4.9.3/../../../arm-none-eabi/lib/armv7-m/libc_nano.a(lib_a-sbrkr.o)
 .debug_abbrev  0x00000000000044a7      0x161 /usr/lib/gcc/arm-none-eabi/4.9.3/../../../arm-none-eabi/lib/armv7-m/libc_nano.a(lib_a-nano-msizer.o)
 .debug_abbrev  0x0000000000004608      0x1f2 /usr/lib/gcc/arm-none-eabi/4.9.3/../../../arm-none-eabi/lib/armv7-m/libc_nano.a(lib_a-reent.o)
 .debug_abbrev  0x00000000000047fa       0x83 /usr/lib/gcc/arm-none-eabi/4.9.3/../../../arm-none-eabi/lib/armv7-m/libnosys.a(sbrk.o)
 .debug_abbrev  0x000000000000487d       0x14 /usr/lib/gcc/arm-none-eabi/4.9.3/armv7-m/libgcc.a(_arm_addsubdf3.o)
 .debug_abbrev  0x0000000000004891       0x14 /usr/lib/gcc/arm-none-eabi/4.9.3/armv7-m/libgcc.a(_arm_muldivdf3.o)
 .debug_abbrev  0x00000000000048a5       0x14 /usr/lib/gcc/arm-none-eabi/4.9.3/armv7-m/libgcc.a(_arm_cmpdf2.o)
 .debug_abbrev  0x00000000000048b9       0x14 /usr/lib/gcc/arm-none-eabi/4.9.3/armv7-m/libgcc.a(_arm_fixdfsi.o)

.debug_loc      0x0000000000000000     0xfa57
 .debug_loc     0x0000000000000000      0x31c build/main.o
 .debug_loc     0x000000000000031c       0x38 build/gpio.o
 .debug_loc     0x0000000000000354      0x13c build/adc.o
 .debug_loc     0x0000000000000490      0x14b build/i2c.o
 .debug_loc     0x00000000000005db       0x90 build/rtc.o
 .debug_loc     0x000000000000066b      0x10c build/spi.o
 .debug_loc     0x0000000000000777      0x1a9 build/tim.o
 .debug_loc     0x0000000000000920      0x130 build/usart.o
 .debug_loc     0x0000000000000a50       0x20 build/stm32f1xx_it.o
 .debug_loc     0x0000000000000a70       0x38 build/stm32f1xx_hal_msp.o
 .debug_loc     0x0000000000000aa8      0x33d build/ssd1306.o
 .debug_loc     0x0000000000000de5      0xbd1 build/stm32f1xx_hal_adc.o
 .debug_loc     0x00000000000019b6     0x3787 build/stm32f1xx_hal_i2c.o
 .debug_loc     0x000000000000513d     0x1675 build/stm32f1xx_hal_rtc.o
 .debug_loc     0x00000000000067b2       0x63 build/stm32f1xx_hal_spi_ex.o
 .debug_loc     0x0000000000006815     0x3d94 build/stm32f1xx_hal_tim.o
 .debug_loc     0x000000000000a5a9     0x11e8 build/stm32f1xx_hal_tim_ex.o
 .debug_loc     0x000000000000b791     0x1763 build/stm32f1xx_hal_uart.o
 .debug_loc     0x000000000000cef4      0x1a8 build/stm32f1xx_hal.o
 .debug_loc     0x000000000000d09c      0x6fc build/stm32f1xx_hal_rcc.o
 .debug_loc     0x000000000000d798      0x344 build/stm32f1xx_hal_rcc_ex.o
 .debug_loc     0x000000000000dadc      0x401 build/stm32f1xx_hal_gpio.o
 .debug_loc     0x000000000000dedd      0x545 build/stm32f1xx_hal_cortex.o
 .debug_loc     0x000000000000e422       0xea build/stm32f1xx_hal_pwr.o
 .debug_loc     0x000000000000e50c       0xe4 build/system_stm32f1xx.o
 .debug_loc     0x000000000000e5f0       0x48 /usr/lib/gcc/arm-none-eabi/4.9.3/../../../arm-none-eabi/lib/armv7-m/libc_nano.a(lib_a-init.o)
 .debug_loc     0x000000000000e638       0x95 /usr/lib/gcc/arm-none-eabi/4.9.3/../../../arm-none-eabi/lib/armv7-m/libc_nano.a(lib_a-sprintf.o)
 .debug_loc     0x000000000000e6cd       0x21 /usr/lib/gcc/arm-none-eabi/4.9.3/../../../arm-none-eabi/lib/armv7-m/libc_nano.a(lib_a-strlen.o)
 .debug_loc     0x000000000000e6ee      0x53f /usr/lib/gcc/arm-none-eabi/4.9.3/../../../arm-none-eabi/lib/armv7-m/libc_nano.a(lib_a-nano-svfprintf.o)
 .debug_loc     0x000000000000ec2d      0x46d /usr/lib/gcc/arm-none-eabi/4.9.3/../../../arm-none-eabi/lib/armv7-m/libc_nano.a(lib_a-nano-vfprintf_i.o)
 .debug_loc     0x000000000000f09a       0xaa /usr/lib/gcc/arm-none-eabi/4.9.3/../../../arm-none-eabi/lib/armv7-m/libc_nano.a(lib_a-memchr.o)
 .debug_loc     0x000000000000f144       0x87 /usr/lib/gcc/arm-none-eabi/4.9.3/../../../arm-none-eabi/lib/armv7-m/libc_nano.a(lib_a-memcpy.o)
 .debug_loc     0x000000000000f1cb       0xde /usr/lib/gcc/arm-none-eabi/4.9.3/../../../arm-none-eabi/lib/armv7-m/libc_nano.a(lib_a-memmove.o)
 .debug_loc     0x000000000000f2a9      0x172 /usr/lib/gcc/arm-none-eabi/4.9.3/../../../arm-none-eabi/lib/armv7-m/libc_nano.a(lib_a-nano-freer.o)
 .debug_loc     0x000000000000f41b      0x304 /usr/lib/gcc/arm-none-eabi/4.9.3/../../../arm-none-eabi/lib/armv7-m/libc_nano.a(lib_a-nano-mallocr.o)
 .debug_loc     0x000000000000f71f      0x11b /usr/lib/gcc/arm-none-eabi/4.9.3/../../../arm-none-eabi/lib/armv7-m/libc_nano.a(lib_a-nano-reallocr.o)
 .debug_loc     0x000000000000f83a       0x4d /usr/lib/gcc/arm-none-eabi/4.9.3/../../../arm-none-eabi/lib/armv7-m/libc_nano.a(lib_a-sbrkr.o)
 .debug_loc     0x000000000000f887       0xb5 /usr/lib/gcc/arm-none-eabi/4.9.3/../../../arm-none-eabi/lib/armv7-m/libc_nano.a(lib_a-nano-msizer.o)
 .debug_loc     0x000000000000f93c       0xfa /usr/lib/gcc/arm-none-eabi/4.9.3/../../../arm-none-eabi/lib/armv7-m/libc_nano.a(lib_a-reent.o)
 .debug_loc     0x000000000000fa36       0x21 /usr/lib/gcc/arm-none-eabi/4.9.3/../../../arm-none-eabi/lib/armv7-m/libnosys.a(sbrk.o)

.debug_aranges  0x0000000000000000     0x13a8
 .debug_aranges
                0x0000000000000000       0x38 build/main.o
 .debug_aranges
                0x0000000000000038       0x20 build/gpio.o
 .debug_aranges
                0x0000000000000058       0x38 build/adc.o
 .debug_aranges
                0x0000000000000090       0x38 build/i2c.o
 .debug_aranges
                0x00000000000000c8       0x30 build/rtc.o
 .debug_aranges
                0x00000000000000f8       0x38 build/spi.o
 .debug_aranges
                0x0000000000000130       0x60 build/tim.o
 .debug_aranges
                0x0000000000000190       0x38 build/usart.o
 .debug_aranges
                0x00000000000001c8       0x60 build/stm32f1xx_it.o
 .debug_aranges
                0x0000000000000228       0x20 build/stm32f1xx_hal_msp.o
 .debug_aranges
                0x0000000000000248       0x18 build/fonts.o
 .debug_aranges
                0x0000000000000260       0x58 build/ssd1306.o
 .debug_aranges
                0x00000000000002b8       0xf0 build/stm32f1xx_hal_adc.o
 .debug_aranges
                0x00000000000003a8      0x268 build/stm32f1xx_hal_i2c.o
 .debug_aranges
                0x0000000000000610       0xf8 build/stm32f1xx_hal_rtc.o
 .debug_aranges
                0x0000000000000708       0x20 build/stm32f1xx_hal_spi_ex.o
 .debug_aranges
                0x0000000000000728      0x368 build/stm32f1xx_hal_tim.o
 .debug_aranges
                0x0000000000000a90      0x138 build/stm32f1xx_hal_tim_ex.o
 .debug_aranges
                0x0000000000000bc8      0x1d0 build/stm32f1xx_hal_uart.o
 .debug_aranges
                0x0000000000000d98       0xd0 build/stm32f1xx_hal.o
 .debug_aranges
                0x0000000000000e68       0x90 build/stm32f1xx_hal_rcc.o
 .debug_aranges
                0x0000000000000ef8       0x30 build/stm32f1xx_hal_rcc_ex.o
 .debug_aranges
                0x0000000000000f28       0x58 build/stm32f1xx_hal_gpio.o
 .debug_aranges
                0x0000000000000f80       0x90 build/stm32f1xx_hal_cortex.o
 .debug_aranges
                0x0000000000001010       0xa8 build/stm32f1xx_hal_pwr.o
 .debug_aranges
                0x00000000000010b8       0x28 build/system_stm32f1xx.o
 .debug_aranges
                0x00000000000010e0       0x28 build/startup_stm32f103xb.o
 .debug_aranges
                0x0000000000001108       0x18 /usr/lib/gcc/arm-none-eabi/4.9.3/../../../arm-none-eabi/lib/armv7-m/libc_nano.a(lib_a-impure.o)
 .debug_aranges
                0x0000000000001120       0x20 /usr/lib/gcc/arm-none-eabi/4.9.3/../../../arm-none-eabi/lib/armv7-m/libc_nano.a(lib_a-init.o)
 .debug_aranges
                0x0000000000001140       0x28 /usr/lib/gcc/arm-none-eabi/4.9.3/../../../arm-none-eabi/lib/armv7-m/libc_nano.a(lib_a-sprintf.o)
 .debug_aranges
                0x0000000000001168       0x20 /usr/lib/gcc/arm-none-eabi/4.9.3/../../../arm-none-eabi/lib/armv7-m/libc_nano.a(lib_a-strlen.o)
 .debug_aranges
                0x0000000000001188       0x30 /usr/lib/gcc/arm-none-eabi/4.9.3/../../../arm-none-eabi/lib/armv7-m/libc_nano.a(lib_a-nano-svfprintf.o)
 .debug_aranges
                0x00000000000011b8       0x28 /usr/lib/gcc/arm-none-eabi/4.9.3/../../../arm-none-eabi/lib/armv7-m/libc_nano.a(lib_a-nano-vfprintf_i.o)
 .debug_aranges
                0x00000000000011e0       0x20 /usr/lib/gcc/arm-none-eabi/4.9.3/../../../arm-none-eabi/lib/armv7-m/libc_nano.a(lib_a-memchr.o)
 .debug_aranges
                0x0000000000001200       0x20 /usr/lib/gcc/arm-none-eabi/4.9.3/../../../arm-none-eabi/lib/armv7-m/libc_nano.a(lib_a-memcpy.o)
 .debug_aranges
                0x0000000000001220       0x20 /usr/lib/gcc/arm-none-eabi/4.9.3/../../../arm-none-eabi/lib/armv7-m/libc_nano.a(lib_a-memmove.o)
 .debug_aranges
                0x0000000000001240       0x20 /usr/lib/gcc/arm-none-eabi/4.9.3/../../../arm-none-eabi/lib/armv7-m/libc_nano.a(lib_a-nano-freer.o)
 .debug_aranges
                0x0000000000001260       0x20 /usr/lib/gcc/arm-none-eabi/4.9.3/../../../arm-none-eabi/lib/armv7-m/libc_nano.a(lib_a-nano-mallocr.o)
 .debug_aranges
                0x0000000000001280       0x20 /usr/lib/gcc/arm-none-eabi/4.9.3/../../../arm-none-eabi/lib/armv7-m/libc_nano.a(lib_a-nano-reallocr.o)
 .debug_aranges
                0x00000000000012a0       0x20 /usr/lib/gcc/arm-none-eabi/4.9.3/../../../arm-none-eabi/lib/armv7-m/libc_nano.a(lib_a-sbrkr.o)
 .debug_aranges
                0x00000000000012c0       0x20 /usr/lib/gcc/arm-none-eabi/4.9.3/../../../arm-none-eabi/lib/armv7-m/libc_nano.a(lib_a-nano-msizer.o)
 .debug_aranges
                0x00000000000012e0       0x28 /usr/lib/gcc/arm-none-eabi/4.9.3/../../../arm-none-eabi/lib/armv7-m/libc_nano.a(lib_a-reent.o)
 .debug_aranges
                0x0000000000001308       0x20 /usr/lib/gcc/arm-none-eabi/4.9.3/../../../arm-none-eabi/lib/armv7-m/libnosys.a(sbrk.o)
 .debug_aranges
                0x0000000000001328       0x20 /usr/lib/gcc/arm-none-eabi/4.9.3/armv7-m/libgcc.a(_arm_addsubdf3.o)
 .debug_aranges
                0x0000000000001348       0x20 /usr/lib/gcc/arm-none-eabi/4.9.3/armv7-m/libgcc.a(_arm_muldivdf3.o)
 .debug_aranges
                0x0000000000001368       0x20 /usr/lib/gcc/arm-none-eabi/4.9.3/armv7-m/libgcc.a(_arm_cmpdf2.o)
 .debug_aranges
                0x0000000000001388       0x20 /usr/lib/gcc/arm-none-eabi/4.9.3/armv7-m/libgcc.a(_arm_fixdfsi.o)

.debug_ranges   0x0000000000000000     0x1148
 .debug_ranges  0x0000000000000000       0x28 build/main.o
 .debug_ranges  0x0000000000000028       0x10 build/gpio.o
 .debug_ranges  0x0000000000000038       0x28 build/adc.o
 .debug_ranges  0x0000000000000060       0x28 build/i2c.o
 .debug_ranges  0x0000000000000088       0x20 build/rtc.o
 .debug_ranges  0x00000000000000a8       0x28 build/spi.o
 .debug_ranges  0x00000000000000d0       0x50 build/tim.o
 .debug_ranges  0x0000000000000120       0x28 build/usart.o
 .debug_ranges  0x0000000000000148       0x50 build/stm32f1xx_it.o
 .debug_ranges  0x0000000000000198       0x10 build/stm32f1xx_hal_msp.o
 .debug_ranges  0x00000000000001a8       0x48 build/ssd1306.o
 .debug_ranges  0x00000000000001f0       0xe0 build/stm32f1xx_hal_adc.o
 .debug_ranges  0x00000000000002d0      0x258 build/stm32f1xx_hal_i2c.o
 .debug_ranges  0x0000000000000528       0xe8 build/stm32f1xx_hal_rtc.o
 .debug_ranges  0x0000000000000610       0x10 build/stm32f1xx_hal_spi_ex.o
 .debug_ranges  0x0000000000000620      0x358 build/stm32f1xx_hal_tim.o
 .debug_ranges  0x0000000000000978      0x128 build/stm32f1xx_hal_tim_ex.o
 .debug_ranges  0x0000000000000aa0      0x1c0 build/stm32f1xx_hal_uart.o
 .debug_ranges  0x0000000000000c60       0xc0 build/stm32f1xx_hal.o
 .debug_ranges  0x0000000000000d20       0x98 build/stm32f1xx_hal_rcc.o
 .debug_ranges  0x0000000000000db8       0x38 build/stm32f1xx_hal_rcc_ex.o
 .debug_ranges  0x0000000000000df0       0x48 build/stm32f1xx_hal_gpio.o
 .debug_ranges  0x0000000000000e38       0x80 build/stm32f1xx_hal_cortex.o
 .debug_ranges  0x0000000000000eb8       0x98 build/stm32f1xx_hal_pwr.o
 .debug_ranges  0x0000000000000f50       0x18 build/system_stm32f1xx.o
 .debug_ranges  0x0000000000000f68       0x20 build/startup_stm32f103xb.o
 .debug_ranges  0x0000000000000f88       0x10 /usr/lib/gcc/arm-none-eabi/4.9.3/../../../arm-none-eabi/lib/armv7-m/libc_nano.a(lib_a-init.o)
 .debug_ranges  0x0000000000000f98       0x18 /usr/lib/gcc/arm-none-eabi/4.9.3/../../../arm-none-eabi/lib/armv7-m/libc_nano.a(lib_a-sprintf.o)
 .debug_ranges  0x0000000000000fb0       0x10 /usr/lib/gcc/arm-none-eabi/4.9.3/../../../arm-none-eabi/lib/armv7-m/libc_nano.a(lib_a-strlen.o)
 .debug_ranges  0x0000000000000fc0       0x50 /usr/lib/gcc/arm-none-eabi/4.9.3/../../../arm-none-eabi/lib/armv7-m/libc_nano.a(lib_a-nano-svfprintf.o)
 .debug_ranges  0x0000000000001010       0x60 /usr/lib/gcc/arm-none-eabi/4.9.3/../../../arm-none-eabi/lib/armv7-m/libc_nano.a(lib_a-nano-vfprintf_i.o)
 .debug_ranges  0x0000000000001070       0x10 /usr/lib/gcc/arm-none-eabi/4.9.3/../../../arm-none-eabi/lib/armv7-m/libc_nano.a(lib_a-memchr.o)
 .debug_ranges  0x0000000000001080       0x10 /usr/lib/gcc/arm-none-eabi/4.9.3/../../../arm-none-eabi/lib/armv7-m/libc_nano.a(lib_a-memcpy.o)
 .debug_ranges  0x0000000000001090       0x10 /usr/lib/gcc/arm-none-eabi/4.9.3/../../../arm-none-eabi/lib/armv7-m/libc_nano.a(lib_a-memmove.o)
 .debug_ranges  0x00000000000010a0       0x28 /usr/lib/gcc/arm-none-eabi/4.9.3/../../../arm-none-eabi/lib/armv7-m/libc_nano.a(lib_a-nano-freer.o)
 .debug_ranges  0x00000000000010c8       0x28 /usr/lib/gcc/arm-none-eabi/4.9.3/../../../arm-none-eabi/lib/armv7-m/libc_nano.a(lib_a-nano-mallocr.o)
 .debug_ranges  0x00000000000010f0       0x10 /usr/lib/gcc/arm-none-eabi/4.9.3/../../../arm-none-eabi/lib/armv7-m/libc_nano.a(lib_a-nano-reallocr.o)
 .debug_ranges  0x0000000000001100       0x10 /usr/lib/gcc/arm-none-eabi/4.9.3/../../../arm-none-eabi/lib/armv7-m/libc_nano.a(lib_a-sbrkr.o)
 .debug_ranges  0x0000000000001110       0x10 /usr/lib/gcc/arm-none-eabi/4.9.3/../../../arm-none-eabi/lib/armv7-m/libc_nano.a(lib_a-nano-msizer.o)
 .debug_ranges  0x0000000000001120       0x18 /usr/lib/gcc/arm-none-eabi/4.9.3/../../../arm-none-eabi/lib/armv7-m/libc_nano.a(lib_a-reent.o)
 .debug_ranges  0x0000000000001138       0x10 /usr/lib/gcc/arm-none-eabi/4.9.3/../../../arm-none-eabi/lib/armv7-m/libnosys.a(sbrk.o)

.debug_line     0x0000000000000000     0x882c
 .debug_line    0x0000000000000000      0x3fb build/main.o
 .debug_line    0x00000000000003fb      0x136 build/gpio.o
 .debug_line    0x0000000000000531      0x1e6 build/adc.o
 .debug_line    0x0000000000000717      0x1d6 build/i2c.o
 .debug_line    0x00000000000008ed      0x19c build/rtc.o
 .debug_line    0x0000000000000a89      0x1df build/spi.o
 .debug_line    0x0000000000000c68      0x283 build/tim.o
 .debug_line    0x0000000000000eeb      0x1dd build/usart.o
 .debug_line    0x00000000000010c8      0x1a0 build/stm32f1xx_it.o
 .debug_line    0x0000000000001268      0x142 build/stm32f1xx_hal_msp.o
 .debug_line    0x00000000000013aa       0xb0 build/fonts.o
 .debug_line    0x000000000000145a      0x29b build/ssd1306.o
 .debug_line    0x00000000000016f5      0x6ba build/stm32f1xx_hal_adc.o
 .debug_line    0x0000000000001daf     0x12cb build/stm32f1xx_hal_i2c.o
 .debug_line    0x000000000000307a      0x65a build/stm32f1xx_hal_rtc.o
 .debug_line    0x00000000000036d4      0x199 build/stm32f1xx_hal_spi_ex.o
 .debug_line    0x000000000000386d     0x102a build/stm32f1xx_hal_tim.o
 .debug_line    0x0000000000004897      0x6f5 build/stm32f1xx_hal_tim_ex.o
 .debug_line    0x0000000000004f8c      0xa2c build/stm32f1xx_hal_uart.o
 .debug_line    0x00000000000059b8      0x331 build/stm32f1xx_hal.o
 .debug_line    0x0000000000005ce9      0x4b1 build/stm32f1xx_hal_rcc.o
 .debug_line    0x000000000000619a      0x250 build/stm32f1xx_hal_rcc_ex.o
 .debug_line    0x00000000000063ea      0x2ee build/stm32f1xx_hal_gpio.o
 .debug_line    0x00000000000066d8      0x2b5 build/stm32f1xx_hal_cortex.o
 .debug_line    0x000000000000698d      0x2e0 build/stm32f1xx_hal_pwr.o
 .debug_line    0x0000000000006c6d      0x13c build/system_stm32f1xx.o
 .debug_line    0x0000000000006da9       0x72 build/startup_stm32f103xb.o
 .debug_line    0x0000000000006e1b       0xf1 /usr/lib/gcc/arm-none-eabi/4.9.3/../../../arm-none-eabi/lib/armv7-m/libc_nano.a(lib_a-impure.o)
 .debug_line    0x0000000000006f0c       0xb7 /usr/lib/gcc/arm-none-eabi/4.9.3/../../../arm-none-eabi/lib/armv7-m/libc_nano.a(lib_a-init.o)
 .debug_line    0x0000000000006fc3      0x1b1 /usr/lib/gcc/arm-none-eabi/4.9.3/../../../arm-none-eabi/lib/armv7-m/libc_nano.a(lib_a-sprintf.o)
 .debug_line    0x0000000000007174       0xf5 /usr/lib/gcc/arm-none-eabi/4.9.3/../../../arm-none-eabi/lib/armv7-m/libc_nano.a(lib_a-strlen.o)
 .debug_line    0x0000000000007269      0x2e7 /usr/lib/gcc/arm-none-eabi/4.9.3/../../../arm-none-eabi/lib/armv7-m/libc_nano.a(lib_a-nano-svfprintf.o)
 .debug_line    0x0000000000007550      0x305 /usr/lib/gcc/arm-none-eabi/4.9.3/../../../arm-none-eabi/lib/armv7-m/libc_nano.a(lib_a-nano-vfprintf_i.o)
 .debug_line    0x0000000000007855       0xf0 /usr/lib/gcc/arm-none-eabi/4.9.3/../../../arm-none-eabi/lib/armv7-m/libc_nano.a(lib_a-memchr.o)
 .debug_line    0x0000000000007945       0xed /usr/lib/gcc/arm-none-eabi/4.9.3/../../../arm-none-eabi/lib/armv7-m/libc_nano.a(lib_a-memcpy.o)
 .debug_line    0x0000000000007a32       0xfb /usr/lib/gcc/arm-none-eabi/4.9.3/../../../arm-none-eabi/lib/armv7-m/libc_nano.a(lib_a-memmove.o)
 .debug_line    0x0000000000007b2d      0x145 /usr/lib/gcc/arm-none-eabi/4.9.3/../../../arm-none-eabi/lib/armv7-m/libc_nano.a(lib_a-nano-freer.o)
 .debug_line    0x0000000000007c72      0x199 /usr/lib/gcc/arm-none-eabi/4.9.3/../../../arm-none-eabi/lib/armv7-m/libc_nano.a(lib_a-nano-mallocr.o)
 .debug_line    0x0000000000007e0b      0x17e /usr/lib/gcc/arm-none-eabi/4.9.3/../../../arm-none-eabi/lib/armv7-m/libc_nano.a(lib_a-nano-reallocr.o)
 .debug_line    0x0000000000007f89      0x162 /usr/lib/gcc/arm-none-eabi/4.9.3/../../../arm-none-eabi/lib/armv7-m/libc_nano.a(lib_a-sbrkr.o)
 .debug_line    0x00000000000080eb      0x10d /usr/lib/gcc/arm-none-eabi/4.9.3/../../../arm-none-eabi/lib/armv7-m/libc_nano.a(lib_a-nano-msizer.o)
 .debug_line    0x00000000000081f8      0x19e /usr/lib/gcc/arm-none-eabi/4.9.3/../../../arm-none-eabi/lib/armv7-m/libc_nano.a(lib_a-reent.o)
 .debug_line    0x0000000000008396       0x58 /usr/lib/gcc/arm-none-eabi/4.9.3/../../../arm-none-eabi/lib/armv7-m/libnosys.a(sbrk.o)
 .debug_line    0x00000000000083ee      0x176 /usr/lib/gcc/arm-none-eabi/4.9.3/armv7-m/libgcc.a(_arm_addsubdf3.o)
 .debug_line    0x0000000000008564      0x19a /usr/lib/gcc/arm-none-eabi/4.9.3/armv7-m/libgcc.a(_arm_muldivdf3.o)
 .debug_line    0x00000000000086fe       0xb7 /usr/lib/gcc/arm-none-eabi/4.9.3/armv7-m/libgcc.a(_arm_cmpdf2.o)
 .debug_line    0x00000000000087b5       0x77 /usr/lib/gcc/arm-none-eabi/4.9.3/armv7-m/libgcc.a(_arm_fixdfsi.o)

.debug_str      0x0000000000000000     0x5703
 .debug_str     0x0000000000000000      0xe02 build/main.o
                                        0xecc (size before relaxing)
 .debug_str     0x0000000000000e02       0x80 build/gpio.o
                                        0x22f (size before relaxing)
 .debug_str     0x0000000000000e82      0x1af build/adc.o
                                        0x601 (size before relaxing)
 .debug_str     0x0000000000001031      0x2cf build/i2c.o
                                        0x768 (size before relaxing)
 .debug_str     0x0000000000001300       0x5c build/rtc.o
                                        0x40d (size before relaxing)
 .debug_str     0x000000000000135c      0x185 build/spi.o
                                        0x67d (size before relaxing)
 .debug_str     0x00000000000014e1      0x4a1 build/tim.o
                                        0x92c (size before relaxing)
 .debug_str     0x0000000000001982       0x50 build/usart.o
                                        0x69a (size before relaxing)
 .debug_str     0x00000000000019d2       0xc6 build/stm32f1xx_it.o
                                        0x219 (size before relaxing)
 .debug_str     0x0000000000001a98       0x41 build/stm32f1xx_hal_msp.o
                                        0x510 (size before relaxing)
 .debug_str     0x0000000000001ad9       0x33 build/fonts.o
                                        0x1e4 (size before relaxing)
 .debug_str     0x0000000000001b0c       0xb4 build/ssd1306.o
                                        0x770 (size before relaxing)
 .debug_str     0x0000000000001bc0      0x35b build/stm32f1xx_hal_adc.o
                                        0x894 (size before relaxing)
 .debug_str     0x0000000000001f1b      0x7d7 build/stm32f1xx_hal_i2c.o
                                        0xea3 (size before relaxing)
 .debug_str     0x00000000000026f2      0x2d6 build/stm32f1xx_hal_rtc.o
                                        0x6f4 (size before relaxing)
 .debug_str     0x00000000000029c8       0x3d build/stm32f1xx_hal_spi_ex.o
                                        0x5b8 (size before relaxing)
 .debug_str     0x0000000000002a05      0xbe3 build/stm32f1xx_hal_tim.o
                                       0x131a (size before relaxing)
 .debug_str     0x00000000000035e8      0x3d8 build/stm32f1xx_hal_tim_ex.o
                                        0xbbc (size before relaxing)
 .debug_str     0x00000000000039c0      0x4fa build/stm32f1xx_hal_uart.o
                                        0xb45 (size before relaxing)
 .debug_str     0x0000000000003eba      0x280 build/stm32f1xx_hal.o
                                        0x7ea (size before relaxing)
 .debug_str     0x000000000000413a      0x1b0 build/stm32f1xx_hal_rcc.o
                                        0x600 (size before relaxing)
 .debug_str     0x00000000000042ea       0x81 build/stm32f1xx_hal_rcc_ex.o
                                        0x3b8 (size before relaxing)
 .debug_str     0x000000000000436b       0xe0 build/stm32f1xx_hal_gpio.o
                                        0x3eb (size before relaxing)
 .debug_str     0x000000000000444b      0x291 build/stm32f1xx_hal_cortex.o
                                        0x890 (size before relaxing)
 .debug_str     0x00000000000046dc      0x213 build/stm32f1xx_hal_pwr.o
                                        0x492 (size before relaxing)
 .debug_str     0x00000000000048ef       0x4a build/system_stm32f1xx.o
                                        0x292 (size before relaxing)
 .debug_str     0x0000000000004939      0x498 /usr/lib/gcc/arm-none-eabi/4.9.3/../../../arm-none-eabi/lib/armv7-m/libc_nano.a(lib_a-impure.o)
                                        0x57a (size before relaxing)
 .debug_str     0x0000000000004dd1       0xf8 /usr/lib/gcc/arm-none-eabi/4.9.3/../../../arm-none-eabi/lib/armv7-m/libc_nano.a(lib_a-init.o)
                                        0x231 (size before relaxing)
 .debug_str     0x0000000000004ec9       0xcd /usr/lib/gcc/arm-none-eabi/4.9.3/../../../arm-none-eabi/lib/armv7-m/libc_nano.a(lib_a-sprintf.o)
                                        0x568 (size before relaxing)
 .debug_str     0x0000000000004f96       0xad /usr/lib/gcc/arm-none-eabi/4.9.3/../../../arm-none-eabi/lib/armv7-m/libc_nano.a(lib_a-strlen.o)
                                        0x1e7 (size before relaxing)
 .debug_str     0x0000000000005043      0x1fc /usr/lib/gcc/arm-none-eabi/4.9.3/../../../arm-none-eabi/lib/armv7-m/libc_nano.a(lib_a-nano-svfprintf.o)
                                        0x6ac (size before relaxing)
 .debug_str     0x000000000000523f       0x8e /usr/lib/gcc/arm-none-eabi/4.9.3/../../../arm-none-eabi/lib/armv7-m/libc_nano.a(lib_a-nano-vfprintf_i.o)
                                        0x64b (size before relaxing)
 .debug_str     0x00000000000052cd       0xa8 /usr/lib/gcc/arm-none-eabi/4.9.3/../../../arm-none-eabi/lib/armv7-m/libc_nano.a(lib_a-memchr.o)
                                        0x1e2 (size before relaxing)
 .debug_str     0x0000000000005375       0x42 /usr/lib/gcc/arm-none-eabi/4.9.3/../../../arm-none-eabi/lib/armv7-m/libc_nano.a(lib_a-memcpy.o)
                                        0x1e6 (size before relaxing)
 .debug_str     0x00000000000053b7       0x38 /usr/lib/gcc/arm-none-eabi/4.9.3/../../../arm-none-eabi/lib/armv7-m/libc_nano.a(lib_a-memmove.o)
                                        0x1ed (size before relaxing)
 .debug_str     0x00000000000053ef       0xfa /usr/lib/gcc/arm-none-eabi/4.9.3/../../../arm-none-eabi/lib/armv7-m/libc_nano.a(lib_a-nano-freer.o)
                                        0x593 (size before relaxing)
 .debug_str     0x00000000000054e9       0x50 /usr/lib/gcc/arm-none-eabi/4.9.3/../../../arm-none-eabi/lib/armv7-m/libc_nano.a(lib_a-nano-mallocr.o)
                                        0x5c8 (size before relaxing)
 .debug_str     0x0000000000005539       0x23 /usr/lib/gcc/arm-none-eabi/4.9.3/../../../arm-none-eabi/lib/armv7-m/libc_nano.a(lib_a-nano-reallocr.o)
                                        0x59b (size before relaxing)
 .debug_str     0x000000000000555c       0x37 /usr/lib/gcc/arm-none-eabi/4.9.3/../../../arm-none-eabi/lib/armv7-m/libc_nano.a(lib_a-sbrkr.o)
                                        0x532 (size before relaxing)
 .debug_str     0x0000000000005593        0xf /usr/lib/gcc/arm-none-eabi/4.9.3/../../../arm-none-eabi/lib/armv7-m/libc_nano.a(lib_a-nano-msizer.o)
                                        0x579 (size before relaxing)
 .debug_str     0x00000000000055a2       0x58 /usr/lib/gcc/arm-none-eabi/4.9.3/../../../arm-none-eabi/lib/armv7-m/libc_nano.a(lib_a-reent.o)
                                        0x55a (size before relaxing)
 .debug_str     0x00000000000055fa      0x109 /usr/lib/gcc/arm-none-eabi/4.9.3/../../../arm-none-eabi/lib/armv7-m/libnosys.a(sbrk.o)
                                        0x122 (size before relaxing)

.debug_frame    0x0000000000000000     0x358c
 .debug_frame   0x0000000000000000       0x80 build/main.o
 .debug_frame   0x0000000000000080       0x38 build/gpio.o
 .debug_frame   0x00000000000000b8       0x80 build/adc.o
 .debug_frame   0x0000000000000138       0x80 build/i2c.o
 .debug_frame   0x00000000000001b8       0x60 build/rtc.o
 .debug_frame   0x0000000000000218       0x84 build/spi.o
 .debug_frame   0x000000000000029c       0xf8 build/tim.o
 .debug_frame   0x0000000000000394       0x84 build/usart.o
 .debug_frame   0x0000000000000418       0xac build/stm32f1xx_it.o
 .debug_frame   0x00000000000004c4       0x30 build/stm32f1xx_hal_msp.o
 .debug_frame   0x00000000000004f4       0xf4 build/ssd1306.o
 .debug_frame   0x00000000000005e8      0x32c build/stm32f1xx_hal_adc.o
 .debug_frame   0x0000000000000914      0x90c build/stm32f1xx_hal_i2c.o
 .debug_frame   0x0000000000001220      0x3f0 build/stm32f1xx_hal_rtc.o
 .debug_frame   0x0000000000001610       0x30 build/stm32f1xx_hal_spi_ex.o
 .debug_frame   0x0000000000001640      0xafc build/stm32f1xx_hal_tim.o
 .debug_frame   0x000000000000213c      0x420 build/stm32f1xx_hal_tim_ex.o
 .debug_frame   0x000000000000255c      0x578 build/stm32f1xx_hal_uart.o
 .debug_frame   0x0000000000002ad4      0x1c0 build/stm32f1xx_hal.o
 .debug_frame   0x0000000000002c94      0x190 build/stm32f1xx_hal_rcc.o
 .debug_frame   0x0000000000002e24       0x70 build/stm32f1xx_hal_rcc_ex.o
 .debug_frame   0x0000000000002e94       0xd4 build/stm32f1xx_hal_gpio.o
 .debug_frame   0x0000000000002f68      0x138 build/stm32f1xx_hal_cortex.o
 .debug_frame   0x00000000000030a0      0x148 build/stm32f1xx_hal_pwr.o
 .debug_frame   0x00000000000031e8       0x30 build/system_stm32f1xx.o
 .debug_frame   0x0000000000003218       0x2c /usr/lib/gcc/arm-none-eabi/4.9.3/../../../arm-none-eabi/lib/armv7-m/libc_nano.a(lib_a-init.o)
 .debug_frame   0x0000000000003244       0x70 /usr/lib/gcc/arm-none-eabi/4.9.3/../../../arm-none-eabi/lib/armv7-m/libc_nano.a(lib_a-sprintf.o)
 .debug_frame   0x00000000000032b4       0x20 /usr/lib/gcc/arm-none-eabi/4.9.3/../../../arm-none-eabi/lib/armv7-m/libc_nano.a(lib_a-strlen.o)
 .debug_frame   0x00000000000032d4       0x8c /usr/lib/gcc/arm-none-eabi/4.9.3/../../../arm-none-eabi/lib/armv7-m/libc_nano.a(lib_a-nano-svfprintf.o)
 .debug_frame   0x0000000000003360       0x58 /usr/lib/gcc/arm-none-eabi/4.9.3/../../../arm-none-eabi/lib/armv7-m/libc_nano.a(lib_a-nano-vfprintf_i.o)
 .debug_frame   0x00000000000033b8       0x28 /usr/lib/gcc/arm-none-eabi/4.9.3/../../../arm-none-eabi/lib/armv7-m/libc_nano.a(lib_a-memchr.o)
 .debug_frame   0x00000000000033e0       0x28 /usr/lib/gcc/arm-none-eabi/4.9.3/../../../arm-none-eabi/lib/armv7-m/libc_nano.a(lib_a-memcpy.o)
 .debug_frame   0x0000000000003408       0x28 /usr/lib/gcc/arm-none-eabi/4.9.3/../../../arm-none-eabi/lib/armv7-m/libc_nano.a(lib_a-memmove.o)
 .debug_frame   0x0000000000003430       0x2c /usr/lib/gcc/arm-none-eabi/4.9.3/../../../arm-none-eabi/lib/armv7-m/libc_nano.a(lib_a-nano-freer.o)
 .debug_frame   0x000000000000345c       0x2c /usr/lib/gcc/arm-none-eabi/4.9.3/../../../arm-none-eabi/lib/armv7-m/libc_nano.a(lib_a-nano-mallocr.o)
 .debug_frame   0x0000000000003488       0x3c /usr/lib/gcc/arm-none-eabi/4.9.3/../../../arm-none-eabi/lib/armv7-m/libc_nano.a(lib_a-nano-reallocr.o)
 .debug_frame   0x00000000000034c4       0x2c /usr/lib/gcc/arm-none-eabi/4.9.3/../../../arm-none-eabi/lib/armv7-m/libc_nano.a(lib_a-sbrkr.o)
 .debug_frame   0x00000000000034f0       0x20 /usr/lib/gcc/arm-none-eabi/4.9.3/../../../arm-none-eabi/lib/armv7-m/libc_nano.a(lib_a-nano-msizer.o)
 .debug_frame   0x0000000000003510       0x5c /usr/lib/gcc/arm-none-eabi/4.9.3/../../../arm-none-eabi/lib/armv7-m/libc_nano.a(lib_a-reent.o)
 .debug_frame   0x000000000000356c       0x20 /usr/lib/gcc/arm-none-eabi/4.9.3/../../../arm-none-eabi/lib/armv7-m/libnosys.a(sbrk.o)

Cross Reference Table

Symbol                                            File
ADC1_2_IRQHandler                                 build/startup_stm32f103xb.o
ADC_ConversionStop_Disable                        build/stm32f1xx_hal_adc.o
                                                  build/stm32f1xx_hal_adc_ex.o
ADC_DMAConvCplt                                   build/stm32f1xx_hal_adc.o
                                                  build/stm32f1xx_hal_adc_ex.o
ADC_DMAError                                      build/stm32f1xx_hal_adc.o
                                                  build/stm32f1xx_hal_adc_ex.o
ADC_DMAHalfConvCplt                               build/stm32f1xx_hal_adc.o
                                                  build/stm32f1xx_hal_adc_ex.o
ADC_Enable                                        build/stm32f1xx_hal_adc.o
                                                  build/stm32f1xx_hal_adc_ex.o
AHBPrescTable                                     build/system_stm32f1xx.o
                                                  build/stm32f1xx_hal_rcc.o
APBPrescTable                                     build/system_stm32f1xx.o
                                                  build/stm32f1xx_hal_rcc.o
BusFault_Handler                                  build/stm32f1xx_it.o
CAN1_RX1_IRQHandler                               build/startup_stm32f103xb.o
CAN1_SCE_IRQHandler                               build/startup_stm32f103xb.o
DMA1_Channel1_IRQHandler                          build/startup_stm32f103xb.o
DMA1_Channel2_IRQHandler                          build/startup_stm32f103xb.o
DMA1_Channel3_IRQHandler                          build/startup_stm32f103xb.o
DMA1_Channel4_IRQHandler                          build/startup_stm32f103xb.o
DMA1_Channel5_IRQHandler                          build/startup_stm32f103xb.o
DMA1_Channel6_IRQHandler                          build/startup_stm32f103xb.o
DMA1_Channel7_IRQHandler                          build/startup_stm32f103xb.o
DebugMon_Handler                                  build/stm32f1xx_it.o
Default_Handler                                   build/startup_stm32f103xb.o
EXTI0_IRQHandler                                  build/startup_stm32f103xb.o
EXTI15_10_IRQHandler                              build/startup_stm32f103xb.o
EXTI1_IRQHandler                                  build/startup_stm32f103xb.o
EXTI2_IRQHandler                                  build/startup_stm32f103xb.o
EXTI3_IRQHandler                                  build/startup_stm32f103xb.o
EXTI4_IRQHandler                                  build/startup_stm32f103xb.o
EXTI9_5_IRQHandler                                build/startup_stm32f103xb.o
FLASH_IRQHandler                                  build/startup_stm32f103xb.o
FLASH_PageErase                                   build/stm32f1xx_hal_flash_ex.o
                                                  build/stm32f1xx_hal_flash.o
FLASH_WaitForLastOperation                        build/stm32f1xx_hal_flash.o
                                                  build/stm32f1xx_hal_flash_ex.o
Font_11x18                                        build/fonts.o
                                                  build/main.o
Font_16x26                                        build/fonts.o
                                                  build/main.o
Font_7x10                                         build/fonts.o
HAL_ADCEx_Calibration_Start                       build/stm32f1xx_hal_adc_ex.o
HAL_ADCEx_InjectedConfigChannel                   build/stm32f1xx_hal_adc_ex.o
HAL_ADCEx_InjectedConvCpltCallback                build/stm32f1xx_hal_adc_ex.o
                                                  build/stm32f1xx_hal_adc.o
HAL_ADCEx_InjectedGetValue                        build/stm32f1xx_hal_adc_ex.o
HAL_ADCEx_InjectedPollForConversion               build/stm32f1xx_hal_adc_ex.o
HAL_ADCEx_InjectedStart                           build/stm32f1xx_hal_adc_ex.o
HAL_ADCEx_InjectedStart_IT                        build/stm32f1xx_hal_adc_ex.o
HAL_ADCEx_InjectedStop                            build/stm32f1xx_hal_adc_ex.o
HAL_ADCEx_InjectedStop_IT                         build/stm32f1xx_hal_adc_ex.o
HAL_ADCEx_MultiModeConfigChannel                  build/stm32f1xx_hal_adc_ex.o
HAL_ADCEx_MultiModeGetValue                       build/stm32f1xx_hal_adc_ex.o
HAL_ADCEx_MultiModeStart_DMA                      build/stm32f1xx_hal_adc_ex.o
HAL_ADCEx_MultiModeStop_DMA                       build/stm32f1xx_hal_adc_ex.o
HAL_ADC_AnalogWDGConfig                           build/stm32f1xx_hal_adc.o
HAL_ADC_ConfigChannel                             build/stm32f1xx_hal_adc.o
                                                  build/adc.o
HAL_ADC_ConvCpltCallback                          build/stm32f1xx_hal_adc.o
HAL_ADC_ConvHalfCpltCallback                      build/stm32f1xx_hal_adc.o
HAL_ADC_DeInit                                    build/stm32f1xx_hal_adc.o
HAL_ADC_ErrorCallback                             build/stm32f1xx_hal_adc.o
HAL_ADC_GetError                                  build/stm32f1xx_hal_adc.o
HAL_ADC_GetState                                  build/stm32f1xx_hal_adc.o
HAL_ADC_GetValue                                  build/stm32f1xx_hal_adc.o
HAL_ADC_IRQHandler                                build/stm32f1xx_hal_adc.o
HAL_ADC_Init                                      build/stm32f1xx_hal_adc.o
                                                  build/adc.o
HAL_ADC_LevelOutOfWindowCallback                  build/stm32f1xx_hal_adc.o
HAL_ADC_MspDeInit                                 build/adc.o
HAL_ADC_MspInit                                   build/adc.o
HAL_ADC_PollForConversion                         build/stm32f1xx_hal_adc.o
HAL_ADC_PollForEvent                              build/stm32f1xx_hal_adc.o
HAL_ADC_Start                                     build/stm32f1xx_hal_adc.o
HAL_ADC_Start_DMA                                 build/stm32f1xx_hal_adc.o
HAL_ADC_Start_IT                                  build/stm32f1xx_hal_adc.o
HAL_ADC_Stop                                      build/stm32f1xx_hal_adc.o
HAL_ADC_Stop_DMA                                  build/stm32f1xx_hal_adc.o
HAL_ADC_Stop_IT                                   build/stm32f1xx_hal_adc.o
HAL_DBGMCU_DisableDBGSleepMode                    build/stm32f1xx_hal.o
HAL_DBGMCU_DisableDBGStandbyMode                  build/stm32f1xx_hal.o
HAL_DBGMCU_DisableDBGStopMode                     build/stm32f1xx_hal.o
HAL_DBGMCU_EnableDBGSleepMode                     build/stm32f1xx_hal.o
HAL_DBGMCU_EnableDBGStandbyMode                   build/stm32f1xx_hal.o
HAL_DBGMCU_EnableDBGStopMode                      build/stm32f1xx_hal.o
HAL_DMA_Abort                                     build/stm32f1xx_hal_dma.o